Archive member included to satisfy reference by file (symbol)

/opt/devkitpro/libnx/lib/libnx.a(fs.o)
                              main.o (fsInitialize)
/opt/devkitpro/libnx/lib/libnx.a(set.o)
                              main.o (setsysInitialize)
/opt/devkitpro/libnx/lib/libnx.a(sm.o)
                              main.o (smInitialize)
/opt/devkitpro/libnx/lib/libnx.a(diag.o)
                              main.o (diagAbortWithResult)
/opt/devkitpro/libnx/lib/libnx.a(hosversion.o)
                              /opt/devkitpro/libnx/lib/libnx.a(fs.o) (hosversionGet)
/opt/devkitpro/libnx/lib/libnx.a(fs_dev.o)
                              main.o (fsdevMountSdmc)
/opt/devkitpro/libnx/lib/libnx.a(path_buf.o)
                              /opt/devkitpro/libnx/lib/libnx.a(fs_dev.o) (__nx_dev_path_buf)
/opt/devkitpro/libnx/lib/libnx.a(decode_utf8.o)
                              /opt/devkitpro/libnx/lib/libnx.a(fs_dev.o) (decode_utf8)
/opt/devkitpro/libnx/lib/libnx.a(svc.o)
                              /opt/devkitpro/libnx/lib/libnx.a(sm.o) (svcSleepThread)
/opt/devkitpro/libnx/lib/libnx.a(readtp.o)
                              /opt/devkitpro/libnx/lib/libnx.a(fs.o) (__aarch64_read_tp)
/opt/devkitpro/libnx/lib/libnx.a(switch_crt0.o)
                              (_start)
/opt/devkitpro/libnx/lib/libnx.a(event.o)
                              /opt/devkitpro/libnx/lib/libnx.a(fs.o) (eventLoadRemote)
/opt/devkitpro/libnx/lib/libnx.a(mutex.o)
                              /opt/devkitpro/libnx/lib/libnx.a(fs.o) (mutexLock)
/opt/devkitpro/libnx/lib/libnx.a(wait.o)
                              /opt/devkitpro/libnx/lib/libnx.a(event.o) (waitObjects)
/opt/devkitpro/libnx/lib/libnx.a(sessionmgr.o)
                              /opt/devkitpro/libnx/lib/libnx.a(fs.o) (sessionmgrCreate)
/opt/devkitpro/libnx/lib/libnx.a(time.o)
                              /opt/devkitpro/libnx/lib/libnx.a(fs_dev.o) (timeToPosixTimeWithMyRule)
/opt/devkitpro/libnx/lib/libnx.a(alloc.o)
                              /opt/devkitpro/libnx/lib/libnx.a(fs_dev.o) (__libnx_alloc)
/opt/devkitpro/libnx/lib/libnx.a(argv.o)
                              /opt/devkitpro/libnx/lib/libnx.a(fs_dev.o) (__system_argc)
/opt/devkitpro/libnx/lib/libnx.a(dynamic.o)
                              /opt/devkitpro/libnx/lib/libnx.a(switch_crt0.o) (__nx_dynamic)
/opt/devkitpro/libnx/lib/libnx.a(env.o)
                              /opt/devkitpro/libnx/lib/libnx.a(fs_dev.o) (envIsNso)
/opt/devkitpro/libnx/lib/libnx.a(init.o)
                              /opt/devkitpro/libnx/lib/libnx.a(switch_crt0.o) (__libnx_init)
/opt/devkitpro/libnx/lib/libnx.a(newlib.o)
                              /opt/devkitpro/libnx/lib/libnx.a(init.o) (__libnx_init_time)
/opt/devkitpro/libnx/lib/libnx.a(nxlink.o)
                              /opt/devkitpro/libnx/lib/libnx.a(argv.o) (nxlinkSetup)
/opt/devkitpro/libnx/lib/libnx.a(exception.o)
                              /opt/devkitpro/libnx/lib/libnx.a(switch_crt0.o) (__libnx_exception_entry)
/opt/devkitpro/libnx/lib/libnx.a(condvar.o)
                              /opt/devkitpro/libnx/lib/libnx.a(sessionmgr.o) (condvarWaitTimeout)
/opt/devkitpro/libnx/lib/libnx.a(shmem.o)
                              /opt/devkitpro/libnx/lib/libnx.a(time.o) (shmemLoadRemote)
/opt/devkitpro/libnx/lib/libnx.a(thread.o)
                              /opt/devkitpro/libnx/lib/libnx.a(init.o) (__libnx_init_thread)
/opt/devkitpro/libnx/lib/libnx.a(virtmem.o)
                              /opt/devkitpro/libnx/lib/libnx.a(init.o) (virtmemSetup)
/opt/devkitpro/libnx/lib/libnx.a(applet.o)
                              /opt/devkitpro/libnx/lib/libnx.a(init.o) (appletExit)
/opt/devkitpro/libnx/lib/libnx.a(hid.o)
                              /opt/devkitpro/libnx/lib/libnx.a(init.o) (hidInitialize)
/opt/devkitpro/libnx/lib/libnx.a(random.o)
                              /opt/devkitpro/libnx/lib/libnx.a(virtmem.o) (randomGet64)
/opt/devkitpro/libnx/lib/libnx.a(tmem.o)
                              /opt/devkitpro/libnx/lib/libnx.a(applet.o) (tmemCreate)
/opt/devkitpro/libnx/lib/libnx.a(apm.o)
                              /opt/devkitpro/libnx/lib/libnx.a(applet.o) (apmInitialize)
/opt/devkitpro/devkitA64/bin/../lib/gcc/aarch64-none-elf/15.1.0/../../../../aarch64-none-elf/lib/pic/libg.a(libc_a-memset.o)
                              /opt/devkitpro/libnx/lib/libnx.a(fs.o) (memset)
/opt/devkitpro/devkitA64/bin/../lib/gcc/aarch64-none-elf/15.1.0/../../../../aarch64-none-elf/lib/pic/libg.a(libc_a-setenv.o)
                              /opt/devkitpro/libnx/lib/libnx.a(newlib.o) (setenv)
/opt/devkitpro/devkitA64/bin/../lib/gcc/aarch64-none-elf/15.1.0/../../../../aarch64-none-elf/lib/pic/libg.a(libc_a-strcmp.o)
                              /opt/devkitpro/libnx/lib/libnx.a(fs_dev.o) (strcmp)
/opt/devkitpro/devkitA64/bin/../lib/gcc/aarch64-none-elf/15.1.0/../../../../aarch64-none-elf/lib/pic/libg.a(libc_a-strncmp.o)
[...]
Memory Configuration

Name             Origin             Length             Attributes
*default*        0x0000000000000000 0xffffffffffffffff

Linker script and memory map

                0x0000000000000000                PROVIDE (__start__ = 0x0)
                0x0000000000000000                . = __start__
                [!provide]                        PROVIDE (__code_start = .)

.text           0x0000000000000000     0x84f8
 *(.crt0)
 .crt0          0x0000000000000000      0x124 /opt/devkitpro/libnx/lib/libnx.a(switch_crt0.o)
                0x0000000000000000                _start
                0x00000000000000e0                __nx_exit
                0x00000000000000f0                __nx_mod0
 *(.text.unlikely .text.*_unlikely .text.unlikely.*)
 *(.text.exit .text.exit.*)
 *fill*         0x0000000000000124       0x1c 
 .text.exit     0x0000000000000140       0x34 /opt/devkitpro/devkitA64/bin/../lib/gcc/aarch64-none-elf/15.1.0/../../../../aarch64-none-elf/lib/pic/libg.a(libc_a-exit.o)
                0x0000000000000140                exit
 *(.text.startup .text.startup.*)
 *fill*         0x0000000000000174        0xc 
 .text.startup.main
                0x0000000000000180        0x8 main.o
                0x0000000000000180                main
 *(.text.hot .text.hot.*)
 *(.text .stub .text.* .gnu.linkonce.t.*)
 *fill*         0x0000000000000188       0x18 
 .text.__do_global_dtors_aux
                0x00000000000001a0       0x50 /opt/devkitpro/devkitA64/bin/../lib/gcc/aarch64-none-elf/15.1.0/pic/crtbegin.o
 *fill*         0x00000000000001f0       0x10 
 .text.frame_dummy
                0x0000000000000200       0x24 /opt/devkitpro/devkitA64/bin/../lib/gcc/aarch64-none-elf/15.1.0/pic/crtbegin.o
 *fill*         0x0000000000000224        0xc 
 .text.__libnx_initheap
                0x0000000000000230       0x2c main.o
                0x0000000000000230                __libnx_initheap
 *fill*         0x000000000000025c        0x4 
 .text.__appInit
                0x0000000000000260       0x74 main.o
                0x0000000000000260                __appInit
 *fill*         0x00000000000002d4        0xc 
 .text.__appExit
                0x00000000000002e0       0x14 main.o
                0x00000000000002e0                __appExit
 *fill*         0x00000000000002f4        0xc 
 .text._fsCleanup
                0x0000000000000300       0xb4 /opt/devkitpro/libnx/lib/libnx.a(fs.o)
 *fill*         0x00000000000003b4        0xc 
 .text._fsCmdNoIO
                0x00000000000003c0      0x1c0 /opt/devkitpro/libnx/lib/libnx.a(fs.o)
 .text._fsFsCmdWithInPath
                0x0000000000000580      0x1e0 /opt/devkitpro/libnx/lib/libnx.a(fs.o)
 .text._fsFsCmdWithTwoInPaths
                0x0000000000000760      0x1f8 /opt/devkitpro/libnx/lib/libnx.a(fs.o)
 *fill*         0x0000000000000958        0x8 
 .text._fsFsOpenCommon
                0x0000000000000960      0x28c /opt/devkitpro/libnx/lib/libnx.a(fs.o)
 *fill*         0x0000000000000bec        0x4 
 .text._fsFsCmdWithInPathAndOutU64
                0x0000000000000bf0      0x1fc /opt/devkitpro/libnx/lib/libnx.a(fs.o)
 *fill*         0x0000000000000dec        0x4 
 .text._fsObjectClose
                0x0000000000000df0       0xf8 /opt/devkitpro/libnx/lib/libnx.a(fs.o)
 *fill*         0x0000000000000ee8        0x8 
 .text._fsCmdGetSession.constprop.0
                0x0000000000000ef0      0x17c /opt/devkitpro/libnx/lib/libnx.a(fs.o)
 *fill*         0x000000000000106c        0x4 
 .text.fsInitialize
                0x0000000000001070      0x2f8 /opt/devkitpro/libnx/lib/libnx.a(fs.o)
                0x0000000000001070                fsInitialize
 *fill*         0x0000000000001368        0x8 
 .text.fsExit   0x0000000000001370       0x48 /opt/devkitpro/libnx/lib/libnx.a(fs.o)
                0x0000000000001370                fsExit
 *fill*         0x00000000000013b8        0x8 
 .text.fsOpenSdCardFileSystem
                0x00000000000013c0        0x8 /opt/devkitpro/libnx/lib/libnx.a(fs.o)
                0x00000000000013c0                fsOpenSdCardFileSystem
 *fill*         0x00000000000013c8        0x8 
 .text.fsFsCreateFile
                0x00000000000013d0      0x1ec /opt/devkitpro/libnx/lib/libnx.a(fs.o)
                0x00000000000013d0                fsFsCreateFile
 *fill*         0x00000000000015bc        0x4 
 .text.fsFsDeleteFile
                0x00000000000015c0        0x8 /opt/devkitpro/libnx/lib/libnx.a(fs.o)
                0x00000000000015c0                fsFsDeleteFile
 *fill*         0x00000000000015c8        0x8 
 .text.fsFsCreateDirectory
                0x00000000000015d0        0x8 /opt/devkitpro/libnx/lib/libnx.a(fs.o)
                0x00000000000015d0                fsFsCreateDirectory
 *fill*         0x00000000000015d8        0x8 
 .text.fsFsDeleteDirectory
                0x00000000000015e0        0x8 /opt/devkitpro/libnx/lib/libnx.a(fs.o)
                0x00000000000015e0                fsFsDeleteDirectory
 *fill*         0x00000000000015e8        0x8 
 .text.fsFsRenameFile
                0x00000000000015f0        0x8 /opt/devkitpro/libnx/lib/libnx.a(fs.o)
                0x00000000000015f0                fsFsRenameFile
 *fill*         0x00000000000015f8        0x8 
 .text.fsFsRenameDirectory
                0x0000000000001600        0x8 /opt/devkitpro/libnx/lib/libnx.a(fs.o)
                0x0000000000001600                fsFsRenameDirectory
 *fill*         0x0000000000001608        0x8 
 .text.fsFsGetEntryType
                0x0000000000001610      0x1f0 /opt/devkitpro/libnx/lib/libnx.a(fs.o)
                0x0000000000001610                fsFsGetEntryType
 .text.fsFsOpenFile
                0x0000000000001800        0x8 /opt/devkitpro/libnx/lib/libnx.a(fs.o)
                0x0000000000001800                fsFsOpenFile
 *fill*         0x0000000000001808        0x8 
 .text.fsFsOpenDirectory
                0x0000000000001810        0x8 /opt/devkitpro/libnx/lib/libnx.a(fs.o)
                0x0000000000001810                fsFsOpenDirectory
 *fill*         0x0000000000001818        0x8 
 .text.fsFsGetFreeSpace
                0x0000000000001820        0x8 /opt/devkitpro/libnx/lib/libnx.a(fs.o)
                0x0000000000001820                fsFsGetFreeSpace
 *fill*         0x0000000000001828        0x8 
 .text.fsFsGetTotalSpace
                0x0000000000001830        0x8 /opt/devkitpro/libnx/lib/libnx.a(fs.o)
                0x0000000000001830                fsFsGetTotalSpace
 *fill*         0x0000000000001838        0x8 
 .text.fsFsGetFileTimeStampRaw
                0x0000000000001840      0x230 /opt/devkitpro/libnx/lib/libnx.a(fs.o)
                0x0000000000001840                fsFsGetFileTimeStampRaw
 .text.fsFsClose
                0x0000000000001a70        0x4 /opt/devkitpro/libnx/lib/libnx.a(fs.o)
                0x0000000000001a70                fsFsClose
 *fill*         0x0000000000001a74        0xc 
 .text.fsFileRead
                0x0000000000001a80      0x214 /opt/devkitpro/libnx/lib/libnx.a(fs.o)
                0x0000000000001a80                fsFileRead
 *fill*         0x0000000000001c94        0xc 
 .text.fsFileWrite
                0x0000000000001ca0      0x1f8 /opt/devkitpro/libnx/lib/libnx.a(fs.o)
                0x0000000000001ca0                fsFileWrite
 *fill*         0x0000000000001e98        0x8 
 .text.fsFileFlush
                0x0000000000001ea0        0x8 /opt/devkitpro/libnx/lib/libnx.a(fs.o)
                0x0000000000001ea0                fsFileFlush
 *fill*         0x0000000000001ea8        0x8 
 .text.fsFileSetSize
                0x0000000000001eb0      0x1c0 /opt/devkitpro/libnx/lib/libnx.a(fs.o)
                0x0000000000001eb0                fsFileSetSize
 .text.fsFileGetSize
                0x0000000000002070      0x1d4 /opt/devkitpro/libnx/lib/libnx.a(fs.o)
                0x0000000000002070                fsFileGetSize
 *fill*         0x0000000000002244        0xc 
 .text.fsFileClose
                0x0000000000002250        0x4 /opt/devkitpro/libnx/lib/libnx.a(fs.o)
                0x0000000000002250                fsFileClose
 *fill*         0x0000000000002254        0xc 
 .text.fsDirClose
                0x0000000000002260        0x4 /opt/devkitpro/libnx/lib/libnx.a(fs.o)
                0x0000000000002260                fsDirClose
 *fill*         0x0000000000002264        0xc 
 .text.fsDirRead
                0x0000000000002270      0x204 /opt/devkitpro/libnx/lib/libnx.a(fs.o)
                0x0000000000002270                fsDirRead
 *fill*         0x0000000000002474        0xc 
 .text._setsysGetFirmwareVersionImpl
                0x0000000000002480       0xd0 /opt/devkitpro/libnx/lib/libnx.a(set.o)
 .text._setsysCleanup
                0x0000000000002550       0x78 /opt/devkitpro/libnx/lib/libnx.a(set.o)
 *fill*         0x00000000000025c8        0x8 
 .text.setsysInitialize
                0x00000000000025d0       0xa0 /opt/devkitpro/libnx/lib/libnx.a(set.o)
                0x00000000000025d0                setsysInitialize
 .text.setsysExit
                0x0000000000002670       0x48 /opt/devkitpro/libnx/lib/libnx.a(set.o)
                0x0000000000002670                setsysExit
 *fill*         0x00000000000026b8        0x8 
 .text.setsysGetFirmwareVersion
                0x00000000000026c0       0x48 /opt/devkitpro/libnx/lib/libnx.a(set.o)
                0x00000000000026c0                setsysGetFirmwareVersion
 *fill*         0x0000000000002708        0x8 
 .text._smCmifCmdInPid
                0x0000000000002710       0xcc /opt/devkitpro/libnx/lib/libnx.a(sm.o)
 *fill*         0x00000000000027dc        0x4 
 .text._smCleanup
                0x00000000000027e0       0x78 /opt/devkitpro/libnx/lib/libnx.a(sm.o)
 *fill*         0x0000000000002858        0x8 
 .text.smAddOverrideHandle
                0x0000000000002860       0x48 /opt/devkitpro/libnx/lib/libnx.a(sm.o)
                0x0000000000002860                smAddOverrideHandle
 *fill*         0x00000000000028a8        0x8 
 .text.smGetServiceOverride
                0x00000000000028b0       0x54 /opt/devkitpro/libnx/lib/libnx.a(sm.o)
                0x00000000000028b0                smGetServiceOverride
 *fill*         0x0000000000002904        0xc 
 .text.smInitialize
                0x0000000000002910      0x1ac /opt/devkitpro/libnx/lib/libnx.a(sm.o)
                0x0000000000002910                smInitialize
 *fill*         0x0000000000002abc        0x4 
 .text.smExit   0x0000000000002ac0       0x48 /opt/devkitpro/libnx/lib/libnx.a(sm.o)
                0x0000000000002ac0                smExit
 *fill*         0x0000000000002b08        0x8 
 .text.smGetServiceOriginal
                0x0000000000002b10       0xd0 /opt/devkitpro/libnx/lib/libnx.a(sm.o)
                0x0000000000002b10                smGetServiceOriginal
 .text.smGetServiceWrapper
                0x0000000000002be0      0x120 /opt/devkitpro/libnx/lib/libnx.a(sm.o)
                0x0000000000002be0                smGetServiceWrapper
 .text.diagAbortWithResult
                0x0000000000002d00       0x1c /opt/devkitpro/libnx/lib/libnx.a(diag.o)
                0x0000000000002d00                diagAbortWithResult
 *fill*         0x0000000000002d1c        0x4 
 .text.hosversionGet
                0x0000000000002d20       0x14 /opt/devkitpro/libnx/lib/libnx.a(hosversion.o)
                0x0000000000002d20                hosversionGet
 *fill*         0x0000000000002d34        0xc 
 .text.hosversionSet
                0x0000000000002d40       0x10 /opt/devkitpro/libnx/lib/libnx.a(hosversion.o)
                0x0000000000002d40                hosversionSet
 .text.fsdev_link
                0x0000000000002d50       0x10 /opt/devkitpro/libnx/lib/libnx.a(fs_dev.o)
 .text.fsdev_dirreset
                0x0000000000002d60       0x10 /opt/devkitpro/libnx/lib/libnx.a(fs_dev.o)
 .text.fsdev_chmod
                0x0000000000002d70       0x10 /opt/devkitpro/libnx/lib/libnx.a(fs_dev.o)
 .text.error_cmp
                0x0000000000002d80       0x18 /opt/devkitpro/libnx/lib/libnx.a(fs_dev.o)
 *fill*         0x0000000000002d98        0x8 
 .text.fsdev_dirclose
                0x0000000000002da0       0x20 /opt/devkitpro/libnx/lib/libnx.a(fs_dev.o)
 .text.fsdev_close
                0x0000000000002dc0       0x1c /opt/devkitpro/libnx/lib/libnx.a(fs_dev.o)
 *fill*         0x0000000000002ddc        0x4 
 .text.fsdev_converttimetoutc
                0x0000000000002de0       0x74 /opt/devkitpro/libnx/lib/libnx.a(fs_dev.o)
 *fill*         0x0000000000002e54        0xc 
 .text.fsdevFindDevice.part.0
                0x0000000000002e60       0xd4 /opt/devkitpro/libnx/lib/libnx.a(fs_dev.o)
 *fill*         0x0000000000002f34        0xc 
 .text.fsdev_fixpath
                0x0000000000002f40      0x1cc /opt/devkitpro/libnx/lib/libnx.a(fs_dev.o)
 *fill*         0x000000000000310c        0x4 
 .text._fsdevUnmountDeviceStruct.part.0
                0x0000000000003110       0x9c /opt/devkitpro/libnx/lib/libnx.a(fs_dev.o)
 *fill*         0x00000000000031ac        0x4 
 .text.fsdev_fchmod
                0x00000000000031b0       0x10 /opt/devkitpro/libnx/lib/libnx.a(fs_dev.o)
 .text.fsdev_diropen
                0x00000000000031c0      0x100 /opt/devkitpro/libnx/lib/libnx.a(fs_dev.o)
 .text.fsdev_statvfs
                0x00000000000032c0       0xf8 /opt/devkitpro/libnx/lib/libnx.a(fs_dev.o)
 *fill*         0x00000000000033b8        0x8 
 .text.fsdev_fsync
                0x00000000000033c0       0x7c /opt/devkitpro/libnx/lib/libnx.a(fs_dev.o)
 *fill*         0x000000000000343c        0x4 
 .text.fsdev_fstat
                0x0000000000003440       0xec /opt/devkitpro/libnx/lib/libnx.a(fs_dev.o)
 *fill*         0x000000000000352c        0x4 
 .text.fsdev_ftruncate
                0x0000000000003530       0x94 /opt/devkitpro/libnx/lib/libnx.a(fs_dev.o)
 *fill*         0x00000000000035c4        0xc 
 .text.fsdev_stat
                0x00000000000035d0      0x1d8 /opt/devkitpro/libnx/lib/libnx.a(fs_dev.o)
 *fill*         0x00000000000037a8        0x8 
 .text.fsdev_rename
                0x00000000000037b0      0x14c /opt/devkitpro/libnx/lib/libnx.a(fs_dev.o)
 *fill*         0x00000000000038fc        0x4 
 .text.fsdev_chdir
                0x0000000000003900      0x13c /opt/devkitpro/libnx/lib/libnx.a(fs_dev.o)
 *fill*         0x0000000000003a3c        0x4 
 .text.fsdev_rmdir
                0x0000000000003a40       0xa4 /opt/devkitpro/libnx/lib/libnx.a(fs_dev.o)
 *fill*         0x0000000000003ae4        0xc 
 .text.fsdev_mkdir
                0x0000000000003af0       0xa4 /opt/devkitpro/libnx/lib/libnx.a(fs_dev.o)
 *fill*         0x0000000000003b94        0xc 
 .text.fsdev_unlink
                0x0000000000003ba0       0xa4 /opt/devkitpro/libnx/lib/libnx.a(fs_dev.o)
 *fill*         0x0000000000003c44        0xc 
 .text.fsdev_write_safe
                0x0000000000003c50      0x13c /opt/devkitpro/libnx/lib/libnx.a(fs_dev.o)
 *fill*         0x0000000000003d8c        0x4 
 .text.fsdev_read_safe
                0x0000000000003d90      0x134 /opt/devkitpro/libnx/lib/libnx.a(fs_dev.o)
 *fill*         0x0000000000003ec4        0xc 
 .text.fsdev_read
                0x0000000000003ed0      0x100 /opt/devkitpro/libnx/lib/libnx.a(fs_dev.o)
 .text.fsdev_dirnext
                0x0000000000003fd0      0x1d4 /opt/devkitpro/libnx/lib/libnx.a(fs_dev.o)
 *fill*         0x00000000000041a4        0xc 
 .text.fsdev_write
                0x00000000000041b0      0x124 /opt/devkitpro/libnx/lib/libnx.a(fs_dev.o)
 *fill*         0x00000000000042d4        0xc 
 .text.fsdev_seek
                0x00000000000042e0      0x110 /opt/devkitpro/libnx/lib/libnx.a(fs_dev.o)
 .text.fsdev_open
                0x00000000000043f0      0x230 /opt/devkitpro/libnx/lib/libnx.a(fs_dev.o)
 .text.fsdevMountDevice
                0x0000000000004620      0x324 /opt/devkitpro/libnx/lib/libnx.a(fs_dev.o)
                0x0000000000004620                fsdevMountDevice
 *fill*         0x0000000000004944        0xc 
 .text.fsdevMountSdmc
                0x0000000000004950       0x40 /opt/devkitpro/libnx/lib/libnx.a(fs_dev.o)
                0x0000000000004950                fsdevMountSdmc
 .text.fsdevUnmountAll
                0x0000000000004990       0x64 /opt/devkitpro/libnx/lib/libnx.a(fs_dev.o)
                0x0000000000004990                fsdevUnmountAll
 *fill*         0x00000000000049f4        0xc 
 .text.decode_utf8
                0x0000000000004a00      0x128 /opt/devkitpro/libnx/lib/libnx.a(decode_utf8.o)
                0x0000000000004a00                decode_utf8
 .text.svcSetMemoryPermission
                0x0000000000004b28        0x8 /opt/devkitpro/libnx/lib/libnx.a(svc.o)
                0x0000000000004b28                svcSetMemoryPermission
 .text.svcSetMemoryAttribute
                0x0000000000004b30        0x8 /opt/devkitpro/libnx/lib/libnx.a(svc.o)
                0x0000000000004b30                svcSetMemoryAttribute
 .text.svcUnmapMemory
                0x0000000000004b38        0x8 /opt/devkitpro/libnx/lib/libnx.a(svc.o)
                0x0000000000004b38                svcUnmapMemory
 .text.svcQueryMemory
                0x0000000000004b40       0x14 /opt/devkitpro/libnx/lib/libnx.a(svc.o)
                0x0000000000004b40                svcQueryMemory
 .text.svcExitProcess
                0x0000000000004b54        0x8 /opt/devkitpro/libnx/lib/libnx.a(svc.o)
                0x0000000000004b54                svcExitProcess
 .text.svcSleepThread
                0x0000000000004b5c        0x8 /opt/devkitpro/libnx/lib/libnx.a(svc.o)
                0x0000000000004b5c                svcSleepThread
 .text.svcCloseHandle
                0x0000000000004b64        0x8 /opt/devkitpro/libnx/lib/libnx.a(svc.o)
                0x0000000000004b64                svcCloseHandle
 .text.svcArbitrateLock
                0x0000000000004b6c        0x8 /opt/devkitpro/libnx/lib/libnx.a(svc.o)
                0x0000000000004b6c                svcArbitrateLock
 .text.svcArbitrateUnlock
                0x0000000000004b74        0x8 /opt/devkitpro/libnx/lib/libnx.a(svc.o)
                0x0000000000004b74                svcArbitrateUnlock
 .text.svcWaitProcessWideKeyAtomic
                0x0000000000004b7c        0x8 /opt/devkitpro/libnx/lib/libnx.a(svc.o)
                0x0000000000004b7c                svcWaitProcessWideKeyAtomic
 .text.svcSignalProcessWideKey
                0x0000000000004b84        0x8 /opt/devkitpro/libnx/lib/libnx.a(svc.o)
                0x0000000000004b84                svcSignalProcessWideKey
 .text.svcConnectToNamedPort
                0x0000000000004b8c       0x14 /opt/devkitpro/libnx/lib/libnx.a(svc.o)
                0x0000000000004b8c                svcConnectToNamedPort
 .text.svcSendSyncRequest
                0x0000000000004ba0        0x8 /opt/devkitpro/libnx/lib/libnx.a(svc.o)
                0x0000000000004ba0                svcSendSyncRequest
 .text.svcBreak
                0x0000000000004ba8        0x8 /opt/devkitpro/libnx/lib/libnx.a(svc.o)
                0x0000000000004ba8                svcBreak
 .text.svcReturnFromException
                0x0000000000004bb0        0x8 /opt/devkitpro/libnx/lib/libnx.a(svc.o)
                0x0000000000004bb0                svcReturnFromException
 .text.svcGetInfo
                0x0000000000004bb8       0x14 /opt/devkitpro/libnx/lib/libnx.a(svc.o)
                0x0000000000004bb8                svcGetInfo
 .text.__aarch64_read_tp
                0x0000000000004bcc        0xc /opt/devkitpro/libnx/lib/libnx.a(readtp.o)
                0x0000000000004bcc                __aarch64_read_tp
 *fill*         0x0000000000004bd8        0x8 
 .text.mutexLock
                0x0000000000004be0       0xc8 /opt/devkitpro/libnx/lib/libnx.a(mutex.o)
                0x0000000000004be0                mutexLock
 *fill*         0x0000000000004ca8        0x8 
 .text.mutexUnlock
                0x0000000000004cb0       0x68 /opt/devkitpro/libnx/lib/libnx.a(mutex.o)
                0x0000000000004cb0                mutexUnlock
 *fill*         0x0000000000004d18        0x8 
 .text.rmutexLock
                0x0000000000004d20       0x58 /opt/devkitpro/libnx/lib/libnx.a(mutex.o)
                0x0000000000004d20                rmutexLock
 *fill*         0x0000000000004d78        0x8 
 .text.rmutexUnlock
                0x0000000000004d80       0x1c /opt/devkitpro/libnx/lib/libnx.a(mutex.o)
                0x0000000000004d80                rmutexUnlock
 *fill*         0x0000000000004d9c        0x4 
 .text.sessionmgrCreate
                0x0000000000004da0      0x184 /opt/devkitpro/libnx/lib/libnx.a(sessionmgr.o)
                0x0000000000004da0                sessionmgrCreate
 *fill*         0x0000000000004f24        0xc 
 .text.sessionmgrClose
                0x0000000000004f30       0x84 /opt/devkitpro/libnx/lib/libnx.a(sessionmgr.o)
                0x0000000000004f30                sessionmgrClose
 *fill*         0x0000000000004fb4        0xc 
 .text.sessionmgrAttachClient
                0x0000000000004fc0       0xa8 /opt/devkitpro/libnx/lib/libnx.a(sessionmgr.o)
                0x0000000000004fc0                sessionmgrAttachClient
 *fill*         0x0000000000005068        0x8 
 .text.sessionmgrDetachClient
                0x0000000000005070       0x60 /opt/devkitpro/libnx/lib/libnx.a(sessionmgr.o)
                0x0000000000005070                sessionmgrDetachClient
 .text.timeToPosixTimeWithMyRule
                0x00000000000050d0      0x114 /opt/devkitpro/libnx/lib/libnx.a(time.o)
                0x00000000000050d0                timeToPosixTimeWithMyRule
 *fill*         0x00000000000051e4        0xc 
 .text.__libnx_alloc
                0x00000000000051f0        0x4 /opt/devkitpro/libnx/lib/libnx.a(alloc.o)
                0x00000000000051f0                __libnx_alloc
 *fill*         0x00000000000051f4        0xc 
 .text.__libnx_free
                0x0000000000005200        0x4 /opt/devkitpro/libnx/lib/libnx.a(alloc.o)
                0x0000000000005200                __libnx_free
 *fill*         0x0000000000005204        0xc 
 .text.argvSetup
                0x0000000000005210      0x314 /opt/devkitpro/libnx/lib/libnx.a(argv.o)
                0x0000000000005210                argvSetup
 *fill*         0x0000000000005524        0xc 
 .text.__nx_dynamic
                0x0000000000005530      0x1fc /opt/devkitpro/libnx/lib/libnx.a(dynamic.o)
                0x0000000000005530                __nx_dynamic
 *fill*         0x000000000000572c        0x4 
 .text.envSetup
                0x0000000000005730      0x208 /opt/devkitpro/libnx/lib/libnx.a(env.o)
                0x0000000000005730                envSetup
 *fill*         0x0000000000005938        0x8 
 .text.envGetMainThreadHandle
                0x0000000000005940       0x20 /opt/devkitpro/libnx/lib/libnx.a(env.o)
                0x0000000000005940                envGetMainThreadHandle
 .text.envIsNso
                0x0000000000005960        0xc /opt/devkitpro/libnx/lib/libnx.a(env.o)
                0x0000000000005960                envIsNso
 *fill*         0x000000000000596c        0x4 
 .text.envHasArgv
                0x0000000000005970       0x14 /opt/devkitpro/libnx/lib/libnx.a(env.o)
                0x0000000000005970                envHasArgv
 *fill*         0x0000000000005984        0xc 
 .text.envGetArgv
                0x0000000000005990        0xc /opt/devkitpro/libnx/lib/libnx.a(env.o)
                0x0000000000005990                envGetArgv
 *fill*         0x000000000000599c        0x4 
 .text.envGetExitFuncPtr
                0x00000000000059a0        0xc /opt/devkitpro/libnx/lib/libnx.a(env.o)
                0x00000000000059a0                envGetExitFuncPtr
 *fill*         0x00000000000059ac        0x4 
 .text.__libnx_init
                0x00000000000059b0       0x2c /opt/devkitpro/libnx/lib/libnx.a(init.o)
                0x00000000000059b0                __libnx_init
 *fill*         0x00000000000059dc        0x4 
 .text.__libnx_exit
                0x00000000000059e0       0x1c /opt/devkitpro/libnx/lib/libnx.a(init.o)
                0x00000000000059e0                __libnx_exit
 *fill*         0x00000000000059fc        0x4 
 .text.__syscall_exit
                0x0000000000005a00       0x1c /opt/devkitpro/libnx/lib/libnx.a(newlib.o)
                0x0000000000005a00                __syscall_exit
 *fill*         0x0000000000005a1c        0x4 
 .text.__syscall_getreent
                0x0000000000005a20       0x34 /opt/devkitpro/libnx/lib/libnx.a(newlib.o)
                0x0000000000005a20                __syscall_getreent
 *fill*         0x0000000000005a54        0xc 
 .text.__syscall_lock_acquire_recursive
                0x0000000000005a60        0x4 /opt/devkitpro/libnx/lib/libnx.a(newlib.o)
                0x0000000000005a60                __syscall_lock_acquire_recursive
 *fill*         0x0000000000005a64        0xc 
 .text.__syscall_lock_release_recursive
                0x0000000000005a70        0x4 /opt/devkitpro/libnx/lib/libnx.a(newlib.o)
                0x0000000000005a70                __syscall_lock_release_recursive
 *fill*         0x0000000000005a74        0xc 
 .text.newlibSetup
                0x0000000000005a80       0x98 /opt/devkitpro/libnx/lib/libnx.a(newlib.o)
                0x0000000000005a80                newlibSetup
 *fill*         0x0000000000005b18        0x8 
 .text.nxlinkSetup
                0x0000000000005b20       0xe8 /opt/devkitpro/libnx/lib/libnx.a(nxlink.o)
                0x0000000000005b20                nxlinkSetup
 .text.__libnx_exception_entry
                0x0000000000005c08      0x1c0 /opt/devkitpro/libnx/lib/libnx.a(exception.o)
                0x0000000000005c08                __libnx_exception_entry
 .text.__libnx_exception_returnentry
                0x0000000000005dc8       0x18 /opt/devkitpro/libnx/lib/libnx.a(exception.o)
                0x0000000000005dc8                __libnx_exception_returnentry
 .text.condvarWaitTimeout
                0x0000000000005de0       0x70 /opt/devkitpro/libnx/lib/libnx.a(condvar.o)
                0x0000000000005de0                condvarWaitTimeout
 .text.__libnx_init_thread
                0x0000000000005e50       0xb0 /opt/devkitpro/libnx/lib/libnx.a(thread.o)
                0x0000000000005e50                __libnx_init_thread
 .text._memregionInitWithInfo
                0x0000000000005f00       0x64 /opt/devkitpro/libnx/lib/libnx.a(virtmem.o)
 *fill*         0x0000000000005f64        0xc 
 .text.virtmemSetup
                0x0000000000005f70      0x140 /opt/devkitpro/libnx/lib/libnx.a(virtmem.o)
                0x0000000000005f70                virtmemSetup
 *fill*         0x00000000000060b0       0x10 
 .text          0x00000000000060c0      0x104 /opt/devkitpro/devkitA64/bin/../lib/gcc/aarch64-none-elf/15.1.0/../../../../aarch64-none-elf/lib/pic/libg.a(libc_a-memset.o)
                0x00000000000060c0                memset
 *fill*         0x00000000000061c4       0x3c 
 .text          0x0000000000006200      0x134 /opt/devkitpro/devkitA64/bin/../lib/gcc/aarch64-none-elf/15.1.0/../../../../aarch64-none-elf/lib/pic/libg.a(libc_a-strcmp.o)
                0x0000000000006200                strcmp
 *fill*         0x0000000000006334        0xc 
 .text          0x0000000000006340      0x1b4 /opt/devkitpro/devkitA64/bin/../lib/gcc/aarch64-none-elf/15.1.0/../../../../aarch64-none-elf/lib/pic/libg.a(libc_a-strncmp.o)
                0x0000000000006340                strncmp
 *fill*         0x00000000000064f4        0xc 
 .text._strtoul_l.isra.0
                0x0000000000006500      0x1a4 /opt/devkitpro/devkitA64/bin/../lib/gcc/aarch64-none-elf/15.1.0/../../../../aarch64-none-elf/lib/pic/libg.a(libc_a-strtoul.o)
 *fill*         0x00000000000066a4       0x1c 
 .text.strtoul  0x00000000000066c0       0x40 /opt/devkitpro/devkitA64/bin/../lib/gcc/aarch64-none-elf/15.1.0/../../../../aarch64-none-elf/lib/pic/libg.a(libc_a-strtoul.o)
                0x00000000000066c0                strtoul
 .text.__libc_init_array
                0x0000000000006700       0xa4 /opt/devkitpro/devkitA64/bin/../lib/gcc/aarch64-none-elf/15.1.0/../../../../aarch64-none-elf/lib/pic/libg.a(libc_a-init.o)
                0x0000000000006700                __libc_init_array
 *fill*         0x00000000000067a4       0x1c 
 .text.strncat  0x00000000000067c0       0x88 /opt/devkitpro/devkitA64/bin/../lib/gcc/aarch64-none-elf/15.1.0/../../../../aarch64-none-elf/lib/pic/libg.a(libc_a-strncat.o)
                0x00000000000067c0                strncat
 *fill*         0x0000000000006848       0x18 
 .text.bsearch  0x0000000000006860       0xb4 /opt/devkitpro/devkitA64/bin/../lib/gcc/aarch64-none-elf/15.1.0/../../../../aarch64-none-elf/lib/pic/libg.a(libc_a-bsearch.o)
                0x0000000000006860                bsearch
 *fill*         0x0000000000006914       0x2c 
 .text          0x0000000000006940      0x22c /opt/devkitpro/devkitA64/bin/../lib/gcc/aarch64-none-elf/15.1.0/../../../../aarch64-none-elf/lib/pic/libg.a(libc_a-memcpy.o)
                0x0000000000006940                memmove
                0x0000000000006940                memcpy
 *fill*         0x0000000000006b6c       0x14 
 .text._malloc_r
                0x0000000000006b80      0x840 /opt/devkitpro/devkitA64/bin/../lib/gcc/aarch64-none-elf/15.1.0/../../../../aarch64-none-elf/lib/pic/libg.a(libc_a-mallocr.o)
                0x0000000000006b80                _malloc_r
 .text._malloc_trim_r
                0x00000000000073c0      0x11c /opt/devkitpro/devkitA64/bin/../lib/gcc/aarch64-none-elf/15.1.0/../../../../aarch64-none-elf/lib/pic/libg.a(libc_a-freer.o)
                0x00000000000073c0                _malloc_trim_r
 *fill*         0x00000000000074dc        0x4 
 .text._free_r  0x00000000000074e0      0x2d8 /opt/devkitpro/devkitA64/bin/../lib/gcc/aarch64-none-elf/15.1.0/../../../../aarch64-none-elf/lib/pic/libg.a(libc_a-freer.o)
                0x00000000000074e0                _free_r
 *fill*         0x00000000000077b8        0x8 
 .text.malloc   0x00000000000077c0       0x38 /opt/devkitpro/devkitA64/bin/../lib/gcc/aarch64-none-elf/15.1.0/../../../../aarch64-none-elf/lib/pic/libg.a(libc_a-malloc.o)
                0x00000000000077c0                malloc
 *fill*         0x00000000000077f8        0x8 
 .text.free     0x0000000000007800       0x1c /opt/devkitpro/devkitA64/bin/../lib/gcc/aarch64-none-elf/15.1.0/../../../../aarch64-none-elf/lib/pic/libg.a(libc_a-malloc.o)
                0x0000000000007800                free
 *fill*         0x000000000000781c        0x4 
 .text.gmtime   0x0000000000007820       0x28 /opt/devkitpro/devkitA64/bin/../lib/gcc/aarch64-none-elf/15.1.0/../../../../aarch64-none-elf/lib/pic/libg.a(libc_a-gmtime.o)
                0x0000000000007820                gmtime
 *fill*         0x0000000000007848       0x38 
 .text          0x0000000000007880      0x130 /opt/devkitpro/devkitA64/bin/../lib/gcc/aarch64-none-elf/15.1.0/../../../../aarch64-none-elf/lib/pic/libg.a(libc_a-strlen.o)
                0x0000000000007880                strlen
 *fill*         0x00000000000079b0       0x10 
 .text          0x00000000000079c0       0xb8 /opt/devkitpro/devkitA64/bin/../lib/gcc/aarch64-none-elf/15.1.0/../../../../aarch64-none-elf/lib/pic/libg.a(libc_a-strnlen.o)
                0x00000000000079c0                strnlen
 *fill*         0x0000000000007a78        0x8 
 .text.__malloc_lock
                0x0000000000007a80        0xc /opt/devkitpro/devkitA64/bin/../lib/gcc/aarch64-none-elf/15.1.0/../../../../aarch64-none-elf/lib/pic/libg.a(libc_a-mlock.o)
                0x0000000000007a80                __malloc_lock
 *fill*         0x0000000000007a8c       0x14 
 .text.__malloc_unlock
                0x0000000000007aa0        0xc /opt/devkitpro/devkitA64/bin/../lib/gcc/aarch64-none-elf/15.1.0/../../../../aarch64-none-elf/lib/pic/libg.a(libc_a-mlock.o)
                0x0000000000007aa0                __malloc_unlock
 *fill*         0x0000000000007aac       0x14 
 .text.__call_exitprocs
                0x0000000000007ac0        0x4 /opt/devkitpro/devkitA64/bin/../lib/gcc/aarch64-none-elf/15.1.0/../../../../aarch64-none-elf/lib/pic/libg.a(libc_a-exit.o)
                0x0000000000007ac0                __call_exitprocs
 *fill*         0x0000000000007ac4       0x1c 
 .text.strncpy  0x0000000000007ae0       0xac /opt/devkitpro/devkitA64/bin/../lib/gcc/aarch64-none-elf/15.1.0/../../../../aarch64-none-elf/lib/pic/libg.a(libc_a-strncpy.o)
                0x0000000000007ae0                strncpy
 *fill*         0x0000000000007b8c       0x14 
 .text.gmtime_r
                0x0000000000007ba0      0x2a0 /opt/devkitpro/devkitA64/bin/../lib/gcc/aarch64-none-elf/15.1.0/../../../../aarch64-none-elf/lib/pic/libg.a(libc_a-gmtime_r.o)
                0x0000000000007ba0                gmtime_r
 .text._memalign_r
                0x0000000000007e40      0x18c /opt/devkitpro/devkitA64/bin/../lib/gcc/aarch64-none-elf/15.1.0/../../../../aarch64-none-elf/lib/pic/libg.a(libc_a-malignr.o)
                0x0000000000007e40                _memalign_r
 *fill*         0x0000000000007fcc       0x34 
 .text          0x0000000000008000       0xcc /opt/devkitpro/devkitA64/bin/../lib/gcc/aarch64-none-elf/15.1.0/../../../../aarch64-none-elf/lib/pic/libg.a(libc_a-strchr.o)
                0x0000000000008000                strchr
 *fill*         0x00000000000080cc       0x14 
 .text.__libc_fini_array
                0x00000000000080e0       0x44 /opt/devkitpro/devkitA64/bin/../lib/gcc/aarch64-none-elf/15.1.0/../../../../aarch64-none-elf/lib/pic/libg.a(libc_a-fini.o)
                0x00000000000080e0                __libc_fini_array
 *fill*         0x0000000000008124       0x1c 
 .text._exit    0x0000000000008140       0x20 /opt/devkitpro/devkitA64/bin/../lib/gcc/aarch64-none-elf/15.1.0/../../../../aarch64-none-elf/lib/pic/libsysbase.a(libsysbase_libsysbase_a-_exit.o)
                0x0000000000008140                _exit
 .text.__getreent
                0x0000000000008160       0x20 /opt/devkitpro/devkitA64/bin/../lib/gcc/aarch64-none-elf/15.1.0/../../../../aarch64-none-elf/lib/pic/libsysbase.a(libsysbase_libsysbase_a-getreent.o)
                0x0000000000008160                __getreent
 .text.null_write
                0x0000000000008180        0x8 /opt/devkitpro/devkitA64/bin/../lib/gcc/aarch64-none-elf/15.1.0/../../../../aarch64-none-elf/lib/pic/libsysbase.a(libsysbase_libsysbase_a-iosupport.o)
 *fill*         0x0000000000008188       0x18 
 .text.setDefaultDevice
                0x00000000000081a0       0x18 /opt/devkitpro/devkitA64/bin/../lib/gcc/aarch64-none-elf/15.1.0/../../../../aarch64-none-elf/lib/pic/libsysbase.a(libsysbase_libsysbase_a-iosupport.o)
                0x00000000000081a0                setDefaultDevice
 *fill*         0x00000000000081b8        0x8 
 .text.FindDevice
                0x00000000000081c0      0x110 /opt/devkitpro/devkitA64/bin/../lib/gcc/aarch64-none-elf/15.1.0/../../../../aarch64-none-elf/lib/pic/libsysbase.a(libsysbase_libsysbase_a-iosupport.o)
                0x00000000000081c0                FindDevice
 *fill*         0x00000000000082d0       0x10 
 .text.RemoveDevice
                0x00000000000082e0       0x34 /opt/devkitpro/devkitA64/bin/../lib/gcc/aarch64-none-elf/15.1.0/../../../../aarch64-none-elf/lib/pic/libsysbase.a(libsysbase_libsysbase_a-iosupport.o)
                0x00000000000082e0                RemoveDevice
 *fill*         0x0000000000008314        0xc 
 .text.AddDevice
                0x0000000000008320       0xc4 /opt/devkitpro/devkitA64/bin/../lib/gcc/aarch64-none-elf/15.1.0/../../../../aarch64-none-elf/lib/pic/libsysbase.a(libsysbase_libsysbase_a-iosupport.o)
                0x0000000000008320                AddDevice
 *fill*         0x00000000000083e4       0x1c 
 .text.GetDeviceOpTab
                0x0000000000008400       0x34 /opt/devkitpro/devkitA64/bin/../lib/gcc/aarch64-none-elf/15.1.0/../../../../aarch64-none-elf/lib/pic/libsysbase.a(libsysbase_libsysbase_a-iosupport.o)
                0x0000000000008400                GetDeviceOpTab
 *fill*         0x0000000000008434        0xc 
 .text._sbrk_r  0x0000000000008440       0x78 /opt/devkitpro/devkitA64/bin/../lib/gcc/aarch64-none-elf/15.1.0/../../../../aarch64-none-elf/lib/pic/libsysbase.a(libsysbase_libsysbase_a-sbrk.o)
                0x0000000000008440                _sbrk_r
 *fill*         0x00000000000084b8        0x8 
 .text.__libc_lock_acquire_recursive
                0x00000000000084c0       0x14 /opt/devkitpro/devkitA64/bin/../lib/gcc/aarch64-none-elf/15.1.0/../../../../aarch64-none-elf/lib/pic/libsysbase.a(libsysbase_libsysbase_a-syscall_support.o)
                0x00000000000084c0                __libc_lock_acquire_recursive
 *fill*         0x00000000000084d4        0xc 
 .text.__libc_lock_release_recursive
                0x00000000000084e0       0x14 /opt/devkitpro/devkitA64/bin/../lib/gcc/aarch64-none-elf/15.1.0/../../../../aarch64-none-elf/lib/pic/libsysbase.a(libsysbase_libsysbase_a-syscall_support.o)
                0x00000000000084e0                __libc_lock_release_recursive
                0x00000000000084f8                . = ALIGN (0x8)
 *fill*         0x00000000000084f4        0x4 

.init           0x00000000000084f8       0x38
 *(.init)
 .init          0x00000000000084f8       0x18 /opt/devkitpro/devkitA64/bin/../lib/gcc/aarch64-none-elf/15.1.0/pic/crti.o
                0x00000000000084f8                _init
 .init          0x0000000000008510       0x1c /opt/devkitpro/devkitA64/bin/../lib/gcc/aarch64-none-elf/15.1.0/pic/crtn.o
                0x0000000000008530                . = ALIGN (0x8)
 *fill*         0x000000000000852c        0x4 

.plt            0x0000000000008530        0x0
 *(.plt)
 .plt           0x0000000000008530        0x0 /opt/devkitpro/devkitA64/bin/../lib/gcc/aarch64-none-elf/15.1.0/pic/crti.o
 *(.iplt)
                0x0000000000008530                . = ALIGN (0x8)

.fini           0x0000000000008530       0x38
 *(.fini)
 .fini          0x0000000000008530       0x18 /opt/devkitpro/devkitA64/bin/../lib/gcc/aarch64-none-elf/15.1.0/pic/crti.o
                0x0000000000008530                _fini
 .fini          0x0000000000008548       0x1c /opt/devkitpro/devkitA64/bin/../lib/gcc/aarch64-none-elf/15.1.0/pic/crtn.o
                0x0000000000008568                . = ALIGN (0x8)
 *fill*         0x0000000000008564        0x4 
                0x0000000000009000                . = ALIGN (0x1000)
                [!provide]                        PROVIDE (__rodata_start = .)

.nx-module-name
                0x0000000000009000       0x16
 *(.nx-module-name)
 .nx-module-name
                0x0000000000009000       0x16 /opt/devkitpro/devkitA64/bin/../lib/gcc/aarch64-none-elf/15.1.0/pic/crti.o

.rela.dyn       0x0000000000009018        0x0
 *(.rela.*)
 .rela.got      0x0000000000009018        0x0 /opt/devkitpro/devkitA64/bin/../lib/gcc/aarch64-none-elf/15.1.0/pic/crti.o
 .rela.plt      0x0000000000009018        0x0 /opt/devkitpro/devkitA64/bin/../lib/gcc/aarch64-none-elf/15.1.0/pic/crti.o
 .rela.bss      0x0000000000009018        0x0 /opt/devkitpro/devkitA64/bin/../lib/gcc/aarch64-none-elf/15.1.0/pic/crti.o
 .rela.data.rel.ro
                0x0000000000009018        0x0 /opt/devkitpro/devkitA64/bin/../lib/gcc/aarch64-none-elf/15.1.0/pic/crti.o
 .rela.init_array
                0x0000000000009018        0x0 /opt/devkitpro/devkitA64/bin/../lib/gcc/aarch64-none-elf/15.1.0/pic/crti.o
 .rela.fini_array
                0x0000000000009018        0x0 /opt/devkitpro/devkitA64/bin/../lib/gcc/aarch64-none-elf/15.1.0/pic/crti.o
 .rela.ifunc    0x0000000000009018        0x0 /opt/devkitpro/devkitA64/bin/../lib/gcc/aarch64-none-elf/15.1.0/pic/crti.o
 .rela.data.rel.ro.local.fsdev_devoptab
                0x0000000000009018        0x0 /opt/devkitpro/devkitA64/bin/../lib/gcc/aarch64-none-elf/15.1.0/pic/crti.o
 .rela.data.rel.__malloc_av_
                0x0000000000009018        0x0 /opt/devkitpro/devkitA64/bin/../lib/gcc/aarch64-none-elf/15.1.0/pic/crti.o
 .rela.data.rel._impure_ptr
                0x0000000000009018        0x0 /opt/devkitpro/devkitA64/bin/../lib/gcc/aarch64-none-elf/15.1.0/pic/crti.o
 .rela.data.rel._impure_data
                0x0000000000009018        0x0 /opt/devkitpro/devkitA64/bin/../lib/gcc/aarch64-none-elf/15.1.0/pic/crti.o
 .rela.data.rel.devoptab_list
                0x0000000000009018        0x0 /opt/devkitpro/devkitA64/bin/../lib/gcc/aarch64-none-elf/15.1.0/pic/crti.o
 .rela.data.rel.ro.local.dotab_stdnull
                0x0000000000009018        0x0 /opt/devkitpro/devkitA64/bin/../lib/gcc/aarch64-none-elf/15.1.0/pic/crti.o

.relr.dyn       0x0000000000009018       0x58
 *(.relr.*)
 .relr.dyn      0x0000000000009018       0x58 /opt/devkitpro/devkitA64/bin/../lib/gcc/aarch64-none-elf/15.1.0/pic/crti.o

.hash           0x0000000000009070       0x18
 *(.hash)
 .hash          0x0000000000009070       0x18 /opt/devkitpro/devkitA64/bin/../lib/gcc/aarch64-none-elf/15.1.0/pic/crti.o

.gnu.hash
 *(.gnu.hash)

.dynsym         0x0000000000009088       0x48
 *(.dynsym)
 .dynsym        0x0000000000009088       0x48 /opt/devkitpro/devkitA64/bin/../lib/gcc/aarch64-none-elf/15.1.0/pic/crti.o

.dynstr         0x00000000000090d0        0x1
 *(.dynstr)
 .dynstr        0x00000000000090d0        0x1 /opt/devkitpro/devkitA64/bin/../lib/gcc/aarch64-none-elf/15.1.0/pic/crti.o

.rodata         0x00000000000090e0      0x1b0
 *(.rodata .rodata.* .gnu.linkonce.r.*)
 .rodata.smInitialize.str1.8
                0x00000000000090e0       0x31 /opt/devkitpro/libnx/lib/libnx.a(sm.o)
                                          0x4 (size before relaxing)
 .rodata.fsdev_fixpath.str1.8
                0x0000000000009111        0x2 /opt/devkitpro/libnx/lib/libnx.a(fs_dev.o)
 .rodata._fsdevUnmountDeviceStruct.part.0.str1.8
                0x0000000000009111        0x2 /opt/devkitpro/libnx/lib/libnx.a(fs_dev.o)
 .rodata.fsdevMountDevice.str1.8
                0x0000000000009111       0x10 /opt/devkitpro/libnx/lib/libnx.a(fs_dev.o)
 .rodata.fsdevMountSdmc.str1.8
                0x0000000000009111        0x5 /opt/devkitpro/libnx/lib/libnx.a(fs_dev.o)
 *fill*         0x0000000000009111        0x7 
 .rodata.error_table
                0x0000000000009118       0x20 /opt/devkitpro/libnx/lib/libnx.a(fs_dev.o)
 *fill*         0x0000000000009138        0x8 
 .rodata.cst16  0x0000000000009140       0x30 /opt/devkitpro/libnx/lib/libnx.a(fs_dev.o)
                                         0x20 (size before relaxing)
 .rodata.envSetup
                0x0000000000009170       0x11 /opt/devkitpro/libnx/lib/libnx.a(env.o)
 .rodata.nxlinkSetup.str1.8
                0x0000000000009181        0x9 /opt/devkitpro/libnx/lib/libnx.a(nxlink.o)
 .rodata.cst16  0x0000000000009181       0x10 /opt/devkitpro/devkitA64/bin/../lib/gcc/aarch64-none-elf/15.1.0/../../../../aarch64-none-elf/lib/pic/libg.a(libc_a-mallocr.o)
 *fill*         0x0000000000009181        0x7 
 .rodata._ctype_
                0x0000000000009188      0x101 /opt/devkitpro/devkitA64/bin/../lib/gcc/aarch64-none-elf/15.1.0/../../../../aarch64-none-elf/lib/pic/libg.a(libc_a-ctype_.o)
                0x0000000000009188                _ctype_
 .rodata.AddDevice.str1.8
                0x0000000000009289        0x8 /opt/devkitpro/devkitA64/bin/../lib/gcc/aarch64-none-elf/15.1.0/../../../../aarch64-none-elf/lib/pic/libsysbase.a(libsysbase_libsysbase_a-iosupport.o)
                0x0000000000009298                . = ALIGN (0x8)
 *fill*         0x0000000000009289        0x7 

.tls.align      0x0000000000009290        0x8
                0x0000000000009290        0x8 QUAD 0x8 MAX (ALIGNOF (.tdata), ALIGNOF (.tbss))
                0x0000000000009290                PROVIDE (__tls_align = ADDR (.tls.align))

.gcc_except_table
 *(.gcc_except_table .gcc_except_table.*)

.eh_frame_hdr   0x0000000000009298        0x0
 *(.eh_frame_hdr)
 *(.eh_frame_entry .eh_frame_entry.*)

.eh_frame       0x0000000000009298     0x198c
 *(.eh_frame)
 .eh_frame      0x0000000000009298       0x48 /opt/devkitpro/devkitA64/bin/../lib/gcc/aarch64-none-elf/15.1.0/pic/crtbegin.o
 .eh_frame      0x00000000000092e0       0x70 main.o
                                         0x80 (size before relaxing)
 .eh_frame      0x0000000000009350      0x470 /opt/devkitpro/libnx/lib/libnx.a(fs.o)
                                       0x1680 (size before relaxing)
 .eh_frame      0x00000000000097c0       0xd0 /opt/devkitpro/libnx/lib/libnx.a(set.o)
                                       0x2b38 (size before relaxing)
 .eh_frame      0x0000000000009890      0x128 /opt/devkitpro/libnx/lib/libnx.a(sm.o)
                                        0x2c0 (size before relaxing)
 .eh_frame      0x00000000000099b8       0x18 /opt/devkitpro/libnx/lib/libnx.a(diag.o)
                                         0x30 (size before relaxing)
 .eh_frame      0x00000000000099d0       0x28 /opt/devkitpro/libnx/lib/libnx.a(hosversion.o)
                                         0x50 (size before relaxing)
 .eh_frame      0x00000000000099f8      0x668 /opt/devkitpro/libnx/lib/libnx.a(fs_dev.o)
                                        0x9b0 (size before relaxing)
 .eh_frame      0x000000000000a060       0x18 /opt/devkitpro/libnx/lib/libnx.a(decode_utf8.o)
                                         0x28 (size before relaxing)
 .eh_frame      0x000000000000a078      0x140 /opt/devkitpro/libnx/lib/libnx.a(svc.o)
                                        0xa00 (size before relaxing)
 .eh_frame      0x000000000000a1b8       0x18 /opt/devkitpro/libnx/lib/libnx.a(readtp.o)
                                         0x28 (size before relaxing)
 .eh_frame      0x000000000000a1d0        0x0 /opt/devkitpro/libnx/lib/libnx.a(event.o)
                                         0xc0 (size before relaxing)
 .eh_frame      0x000000000000a1d0       0x88 /opt/devkitpro/libnx/lib/libnx.a(mutex.o)
                                         0xe0 (size before relaxing)
 .eh_frame      0x000000000000a258        0x0 /opt/devkitpro/libnx/lib/libnx.a(wait.o)
                                         0xb0 (size before relaxing)
 .eh_frame      0x000000000000a258      0x100 /opt/devkitpro/libnx/lib/libnx.a(sessionmgr.o)
                                        0x110 (size before relaxing)
 .eh_frame      0x000000000000a358       0x30 /opt/devkitpro/libnx/lib/libnx.a(time.o)
                                        0x378 (size before relaxing)
 .eh_frame      0x000000000000a388       0x28 /opt/devkitpro/libnx/lib/libnx.a(alloc.o)
                                         0x50 (size before relaxing)
 .eh_frame      0x000000000000a3b0       0x38 /opt/devkitpro/libnx/lib/libnx.a(argv.o)
                                         0x48 (size before relaxing)
 .eh_frame      0x000000000000a3e8       0x38 /opt/devkitpro/libnx/lib/libnx.a(dynamic.o)
                                         0x48 (size before relaxing)
 .eh_frame      0x000000000000a420       0xd0 /opt/devkitpro/libnx/lib/libnx.a(env.o)
                                        0x210 (size before relaxing)
 .eh_frame      0x000000000000a4f0       0x38 /opt/devkitpro/libnx/lib/libnx.a(init.o)
                                         0xb8 (size before relaxing)
 .eh_frame      0x000000000000a528       0x90 /opt/devkitpro/libnx/lib/libnx.a(newlib.o)
                                        0x3f8 (size before relaxing)
 .eh_frame      0x000000000000a5b8       0x30 /opt/devkitpro/libnx/lib/libnx.a(nxlink.o)
                                         0x40 (size before relaxing)
 .eh_frame      0x000000000000a5e8       0x28 /opt/devkitpro/libnx/lib/libnx.a(exception.o)
                                         0x40 (size before relaxing)
 .eh_frame      0x000000000000a610       0x30 /opt/devkitpro/libnx/lib/libnx.a(condvar.o)
                                         0x40 (size before relaxing)
 .eh_frame      0x000000000000a640        0x0 /opt/devkitpro/libnx/lib/libnx.a(shmem.o)
                                         0xa0 (size before relaxing)
 .eh_frame      0x000000000000a640       0x28 /opt/devkitpro/libnx/lib/libnx.a(thread.o)
                                        0x298 (size before relaxing)
 .eh_frame      0x000000000000a668       0x60 /opt/devkitpro/libnx/lib/libnx.a(virtmem.o)
                                        0x218 (size before relaxing)
 .eh_frame      0x000000000000a6c8        0x0 /opt/devkitpro/libnx/lib/libnx.a(applet.o)
                                       0x3860 (size before relaxing)
 .eh_frame      0x000000000000a6c8        0x0 /opt/devkitpro/libnx/lib/libnx.a(hid.o)
                                       0x1a50 (size before relaxing)
 .eh_frame      0x000000000000a6c8        0x0 /opt/devkitpro/libnx/lib/libnx.a(random.o)
                                         0x70 (size before relaxing)
 .eh_frame      0x000000000000a6c8        0x0 /opt/devkitpro/libnx/lib/libnx.a(tmem.o)
                                        0x128 (size before relaxing)
 .eh_frame      0x000000000000a6c8        0x0 /opt/devkitpro/libnx/lib/libnx.a(apm.o)
                                        0x138 (size before relaxing)
 .eh_frame      0x000000000000a6c8       0x18 /opt/devkitpro/devkitA64/bin/../lib/gcc/aarch64-none-elf/15.1.0/../../../../aarch64-none-elf/lib/pic/libg.a(libc_a-memset.o)
                                         0x28 (size before relaxing)
 .eh_frame      0x000000000000a6e0        0x0 /opt/devkitpro/devkitA64/bin/../lib/gcc/aarch64-none-elf/15.1.0/../../../../aarch64-none-elf/lib/pic/libg.a(libc_a-setenv.o)
                                         0x58 (size before relaxing)
 .eh_frame      0x000000000000a6e0       0x18 /opt/devkitpro/devkitA64/bin/../lib/gcc/aarch64-none-elf/15.1.0/../../../../aarch64-none-elf/lib/pic/libg.a(libc_a-strcmp.o)
                                         0x28 (size before relaxing)
 .eh_frame      0x000000000000a6f8       0x18 /opt/devkitpro/devkitA64/bin/../lib/gcc/aarch64-none-elf/15.1.0/../../../../aarch64-none-elf/lib/pic/libg.a(libc_a-strncmp.o)
                                         0x28 (size before relaxing)
 .eh_frame      0x000000000000a710        0x0 /opt/devkitpro/devkitA64/bin/../lib/gcc/aarch64-none-elf/15.1.0/../../../../aarch64-none-elf/lib/pic/libg.a(libc_a-findfp.o)
                                        0x188 (size before relaxing)
 .eh_frame      0x000000000000a710       0x38 /opt/devkitpro/devkitA64/bin/../lib/gcc/aarch64-none-elf/15.1.0/../../../../aarch64-none-elf/lib/pic/libg.a(libc_a-strtoul.o)
                                         0x98 (size before relaxing)
 .eh_frame      0x000000000000a748       0x28 /opt/devkitpro/devkitA64/bin/../lib/gcc/aarch64-none-elf/15.1.0/../../../../aarch64-none-elf/lib/pic/libg.a(libc_a-init.o)
                                         0x40 (size before relaxing)
 .eh_frame      0x000000000000a770       0x18 /opt/devkitpro/devkitA64/bin/../lib/gcc/aarch64-none-elf/15.1.0/../../../../aarch64-none-elf/lib/pic/libg.a(libc_a-strncat.o)
                                         0x28 (size before relaxing)
 .eh_frame      0x000000000000a788        0x0 /opt/devkitpro/devkitA64/bin/../lib/gcc/aarch64-none-elf/15.1.0/../../../../aarch64-none-elf/lib/pic/libg.a(libc_a-fwalk.o)
                                         0x50 (size before relaxing)
 .eh_frame      0x000000000000a788       0x68 /opt/devkitpro/devkitA64/bin/../lib/gcc/aarch64-none-elf/15.1.0/../../../../aarch64-none-elf/lib/pic/libg.a(libc_a-bsearch.o)
                                         0x78 (size before relaxing)
 .eh_frame      0x000000000000a7f0        0x0 /opt/devkitpro/devkitA64/bin/../lib/gcc/aarch64-none-elf/15.1.0/../../../../aarch64-none-elf/lib/pic/libg.a(libc_a-errno.o)
                                         0x38 (size before relaxing)
 .eh_frame      0x000000000000a7f0        0x0 /opt/devkitpro/devkitA64/bin/../lib/gcc/aarch64-none-elf/15.1.0/../../../../aarch64-none-elf/lib/pic/libg.a(libc_a-aligned_alloc.o)
                                         0x38 (size before relaxing)
 .eh_frame      0x000000000000a7f0       0x18 /opt/devkitpro/devkitA64/bin/../lib/gcc/aarch64-none-elf/15.1.0/../../../../aarch64-none-elf/lib/pic/libg.a(libc_a-memcpy.o)
                                         0x28 (size before relaxing)
 .eh_frame      0x000000000000a808       0x50 /opt/devkitpro/devkitA64/bin/../lib/gcc/aarch64-none-elf/15.1.0/../../../../aarch64-none-elf/lib/pic/libg.a(libc_a-mallocr.o)
                                         0x60 (size before relaxing)
 .eh_frame      0x000000000000a858       0x78 /opt/devkitpro/devkitA64/bin/../lib/gcc/aarch64-none-elf/15.1.0/../../../../aarch64-none-elf/lib/pic/libg.a(libc_a-freer.o)
                                         0x90 (size before relaxing)
 .eh_frame      0x000000000000a8d0        0x0 /opt/devkitpro/devkitA64/bin/../lib/gcc/aarch64-none-elf/15.1.0/../../../../aarch64-none-elf/lib/pic/libg.a(libc_a-strcpy.o)
                                         0x28 (size before relaxing)
 .eh_frame      0x000000000000a8d0       0x48 /opt/devkitpro/devkitA64/bin/../lib/gcc/aarch64-none-elf/15.1.0/../../../../aarch64-none-elf/lib/pic/libg.a(libc_a-malloc.o)
                                         0x60 (size before relaxing)
 .eh_frame      0x000000000000a918        0x0 /opt/devkitpro/devkitA64/bin/../lib/gcc/aarch64-none-elf/15.1.0/../../../../aarch64-none-elf/lib/pic/libg.a(libc_a-ctype_.o)
                                         0x28 (size before relaxing)
 .eh_frame      0x000000000000a918       0x28 /opt/devkitpro/devkitA64/bin/../lib/gcc/aarch64-none-elf/15.1.0/../../../../aarch64-none-elf/lib/pic/libg.a(libc_a-gmtime.o)
                                         0x38 (size before relaxing)
 .eh_frame      0x000000000000a940       0x18 /opt/devkitpro/devkitA64/bin/../lib/gcc/aarch64-none-elf/15.1.0/../../../../aarch64-none-elf/lib/pic/libg.a(libc_a-strlen.o)
                                         0x28 (size before relaxing)
 .eh_frame      0x000000000000a958       0x18 /opt/devkitpro/devkitA64/bin/../lib/gcc/aarch64-none-elf/15.1.0/../../../../aarch64-none-elf/lib/pic/libg.a(libc_a-strnlen.o)
                                         0x28 (size before relaxing)
 .eh_frame      0x000000000000a970       0x28 /opt/devkitpro/devkitA64/bin/../lib/gcc/aarch64-none-elf/15.1.0/../../../../aarch64-none-elf/lib/pic/libg.a(libc_a-mlock.o)
                                         0x40 (size before relaxing)
 .eh_frame      0x000000000000a998        0x0 /opt/devkitpro/devkitA64/bin/../lib/gcc/aarch64-none-elf/15.1.0/../../../../aarch64-none-elf/lib/pic/libg.a(libc_a-setenv_r.o)
                                         0xa8 (size before relaxing)
 .eh_frame      0x000000000000a998       0x30 /opt/devkitpro/devkitA64/bin/../lib/gcc/aarch64-none-elf/15.1.0/../../../../aarch64-none-elf/lib/pic/libg.a(libc_a-exit.o)
                                         0x48 (size before relaxing)
 .eh_frame      0x000000000000a9c8       0x18 /opt/devkitpro/devkitA64/bin/../lib/gcc/aarch64-none-elf/15.1.0/../../../../aarch64-none-elf/lib/pic/libg.a(libc_a-strncpy.o)
                                         0x28 (size before relaxing)
 .eh_frame      0x000000000000a9e0        0x0 /opt/devkitpro/devkitA64/bin/../lib/gcc/aarch64-none-elf/15.1.0/../../../../aarch64-none-elf/lib/pic/libg.a(libc_a-stdio.o)
                                         0xb8 (size before relaxing)
 .eh_frame      0x000000000000a9e0        0x0 /opt/devkitpro/devkitA64/bin/../lib/gcc/aarch64-none-elf/15.1.0/../../../../aarch64-none-elf/lib/pic/libg.a(libc_a-envlock.o)
                                         0x40 (size before relaxing)
 .eh_frame      0x000000000000a9e0        0x0 /opt/devkitpro/devkitA64/bin/../lib/gcc/aarch64-none-elf/15.1.0/../../../../aarch64-none-elf/lib/pic/libg.a(libc_a-fclose.o)
                                         0x80 (size before relaxing)
 .eh_frame      0x000000000000a9e0       0x18 /opt/devkitpro/devkitA64/bin/../lib/gcc/aarch64-none-elf/15.1.0/../../../../aarch64-none-elf/lib/pic/libg.a(libc_a-gmtime_r.o)
                                         0x28 (size before relaxing)
 .eh_frame      0x000000000000a9f8       0x48 /opt/devkitpro/devkitA64/bin/../lib/gcc/aarch64-none-elf/15.1.0/../../../../aarch64-none-elf/lib/pic/libg.a(libc_a-malignr.o)
                                         0x60 (size before relaxing)
 .eh_frame      0x000000000000aa40       0x18 /opt/devkitpro/devkitA64/bin/../lib/gcc/aarch64-none-elf/15.1.0/../../../../aarch64-none-elf/lib/pic/libg.a(libc_a-strchr.o)
                                         0x28 (size before relaxing)
 .eh_frame      0x000000000000aa58       0x28 /opt/devkitpro/devkitA64/bin/../lib/gcc/aarch64-none-elf/15.1.0/../../../../aarch64-none-elf/lib/pic/libg.a(libc_a-fini.o)
                                         0x38 (size before relaxing)
 .eh_frame      0x000000000000aa80        0x0 /opt/devkitpro/devkitA64/bin/../lib/gcc/aarch64-none-elf/15.1.0/../../../../aarch64-none-elf/lib/pic/libg.a(libc_a-fflush.o)
                                         0x98 (size before relaxing)
 .eh_frame      0x000000000000aa80        0x0 /opt/devkitpro/devkitA64/bin/../lib/gcc/aarch64-none-elf/15.1.0/../../../../aarch64-none-elf/lib/pic/libg.a(libc_a-getenv_r.o)
                                         0x78 (size before relaxing)
 .eh_frame      0x000000000000aa80        0x0 /opt/devkitpro/devkitA64/bin/../lib/gcc/aarch64-none-elf/15.1.0/../../../../aarch64-none-elf/lib/pic/libg.a(libc_a-reallocr.o)
                                         0x68 (size before relaxing)
 .eh_frame      0x000000000000aa80       0x20 /opt/devkitpro/devkitA64/bin/../lib/gcc/aarch64-none-elf/15.1.0/../../../../aarch64-none-elf/lib/pic/libsysbase.a(libsysbase_libsysbase_a-_exit.o)
                                         0x38 (size before relaxing)
 .eh_frame      0x000000000000aaa0        0x0 /opt/devkitpro/devkitA64/bin/../lib/gcc/aarch64-none-elf/15.1.0/../../../../aarch64-none-elf/lib/pic/libsysbase.a(libsysbase_libsysbase_a-chdir.o)
                                         0x78 (size before relaxing)
 .eh_frame      0x000000000000aaa0        0x0 /opt/devkitpro/devkitA64/bin/../lib/gcc/aarch64-none-elf/15.1.0/../../../../aarch64-none-elf/lib/pic/libsysbase.a(libsysbase_libsysbase_a-concatenate.o)
                                         0xa0 (size before relaxing)
 .eh_frame      0x000000000000aaa0       0x18 /opt/devkitpro/devkitA64/bin/../lib/gcc/aarch64-none-elf/15.1.0/../../../../aarch64-none-elf/lib/pic/libsysbase.a(libsysbase_libsysbase_a-getreent.o)
                                         0x28 (size before relaxing)
 .eh_frame      0x000000000000aab8        0x0 /opt/devkitpro/devkitA64/bin/../lib/gcc/aarch64-none-elf/15.1.0/../../../../aarch64-none-elf/lib/pic/libsysbase.a(libsysbase_libsysbase_a-handle_manager.o)
                                        0x110 (size before relaxing)
 .eh_frame      0x000000000000aab8      0x128 /opt/devkitpro/devkitA64/bin/../lib/gcc/aarch64-none-elf/15.1.0/../../../../aarch64-none-elf/lib/pic/libsysbase.a(libsysbase_libsysbase_a-iosupport.o)
                                        0x138 (size before relaxing)
 .eh_frame      0x000000000000abe0        0x0 /opt/devkitpro/devkitA64/bin/../lib/gcc/aarch64-none-elf/15.1.0/../../../../aarch64-none-elf/lib/pic/libsysbase.a(libsysbase_libsysbase_a-lseek.o)
                                         0x50 (size before relaxing)
 .eh_frame      0x000000000000abe0        0x0 /opt/devkitpro/devkitA64/bin/../lib/gcc/aarch64-none-elf/15.1.0/../../../../aarch64-none-elf/lib/pic/libsysbase.a(libsysbase_libsysbase_a-read.o)
                                         0x48 (size before relaxing)
 .eh_frame      0x000000000000abe0       0x18 /opt/devkitpro/devkitA64/bin/../lib/gcc/aarch64-none-elf/15.1.0/../../../../aarch64-none-elf/lib/pic/libsysbase.a(libsysbase_libsysbase_a-sbrk.o)
                                         0x28 (size before relaxing)
 .eh_frame      0x000000000000abf8       0x28 /opt/devkitpro/devkitA64/bin/../lib/gcc/aarch64-none-elf/15.1.0/../../../../aarch64-none-elf/lib/pic/libsysbase.a(libsysbase_libsysbase_a-syscall_support.o)
                                        0x118 (size before relaxing)
 .eh_frame      0x000000000000ac20        0x0 /opt/devkitpro/devkitA64/bin/../lib/gcc/aarch64-none-elf/15.1.0/../../../../aarch64-none-elf/lib/pic/libsysbase.a(libsysbase_libsysbase_a-write.o)
                                         0x48 (size before relaxing)
 .eh_frame      0x000000000000ac20        0x0 /opt/devkitpro/devkitA64/bin/../lib/gcc/aarch64-none-elf/15.1.0/../../../../aarch64-none-elf/lib/pic/libsysbase.a(libsysbase_libsysbase_a-clocks.o)
                                         0x78 (size before relaxing)
 .eh_frame      0x000000000000ac20        0x0 /opt/devkitpro/devkitA64/bin/../lib/gcc/aarch64-none-elf/15.1.0/../../../../aarch64-none-elf/lib/pic/libg.a(libc_a-strrchr.o)
                                         0x28 (size before relaxing)
 .eh_frame      0x000000000000ac20        0x4 /opt/devkitpro/devkitA64/bin/../lib/gcc/aarch64-none-elf/15.1.0/pic/crtend.o
 *(.eh_frame.*)

.gnu_extab
 *(.gnu_extab*)

.exception_ranges
 *(.exception_ranges .exception_ranges*)
                0x0000000000009298                PROVIDE (__eh_frame_hdr_start = ADDR (.eh_frame_hdr))
                0x0000000000009298                PROVIDE (__eh_frame_hdr_end = (ADDR (.eh_frame_hdr) + SIZEOF (.eh_frame_hdr)))

.gnu.version    0x000000000000ac24        0x0
 *(.gnu.version)
 .gnu.version   0x000000000000ac24        0x0 /opt/devkitpro/devkitA64/bin/../lib/gcc/aarch64-none-elf/15.1.0/pic/crti.o

.gnu.version_d  0x000000000000ac28        0x0
 *(.gnu.version_d)
 .gnu.version_d
                0x000000000000ac28        0x0 /opt/devkitpro/devkitA64/bin/../lib/gcc/aarch64-none-elf/15.1.0/pic/crti.o

.gnu.version_r  0x000000000000ac28        0x0
 *(.gnu.version_r)
 .gnu.version_r
                0x000000000000ac28        0x0 /opt/devkitpro/devkitA64/bin/../lib/gcc/aarch64-none-elf/15.1.0/pic/crti.o

.note.gnu.build-id
                0x000000000000ac24       0x24
 *(.note.gnu.build-id)
 .note.gnu.build-id
                0x000000000000ac24       0x24 /opt/devkitpro/devkitA64/bin/../lib/gcc/aarch64-none-elf/15.1.0/pic/crti.o
                0x000000000000b000                . = ALIGN (0x1000)
                0x000000000000b000                PROVIDE (__relro_start = .)

.preinit_array  0x000000000000b000        0x0
                0x000000000000b000                PROVIDE (__preinit_array_start = .)
 *(.preinit_array)
                0x000000000000b000                PROVIDE (__preinit_array_end = .)

.init_array     0x000000000000b000        0x8
                0x000000000000b000                PROVIDE (__init_array_start = .)
 *(SORT_BY_INIT_PRIORITY(.init_array.*) SORT_BY_INIT_PRIORITY(.ctors.*))
 *(.init_array .ctors)
 .init_array    0x000000000000b000        0x8 /opt/devkitpro/devkitA64/bin/../lib/gcc/aarch64-none-elf/15.1.0/pic/crtbegin.o
                0x000000000000b008                PROVIDE (__init_array_end = .)

.fini_array     0x000000000000b008        0x8
                0x000000000000b008                PROVIDE (__fini_array_start = .)
 *(SORT_BY_INIT_PRIORITY(.fini_array.*) SORT_BY_INIT_PRIORITY(.dtors.*))
 *(.fini_array .dtors)
 .fini_array    0x000000000000b008        0x8 /opt/devkitpro/devkitA64/bin/../lib/gcc/aarch64-none-elf/15.1.0/pic/crtbegin.o
                0x000000000000b010                PROVIDE (__fini_array_end = .)

.data.rel.ro    0x000000000000b010      0x200
 *(.data.rel.ro.local* .gnu.linkonce.d.rel.ro.local.*)
 .data.rel.ro.local.fsdev_devoptab
                0x000000000000b010      0x100 /opt/devkitpro/libnx/lib/libnx.a(fs_dev.o)
 .data.rel.ro.local.dotab_stdnull
                0x000000000000b110      0x100 /opt/devkitpro/devkitA64/bin/../lib/gcc/aarch64-none-elf/15.1.0/../../../../aarch64-none-elf/lib/pic/libsysbase.a(libsysbase_libsysbase_a-iosupport.o)
                0x000000000000b110                dotab_stdnull
 *(.data.rel.ro .data.rel.ro.* .gnu.linkonce.d.rel.ro.*)
 .data.rel.ro   0x000000000000b210        0x0 /opt/devkitpro/devkitA64/bin/../lib/gcc/aarch64-none-elf/15.1.0/pic/crti.o
                0x000000000000b210                . = ALIGN (0x8)

.dynamic        0x000000000000b210      0x150
 *(.dynamic)
 .dynamic       0x000000000000b210      0x150 /opt/devkitpro/devkitA64/bin/../lib/gcc/aarch64-none-elf/15.1.0/pic/crti.o
                0x000000000000b210                _DYNAMIC

.got            0x000000000000b360      0x160
 *(.got)
 .got           0x000000000000b360      0x160 /opt/devkitpro/devkitA64/bin/../lib/gcc/aarch64-none-elf/15.1.0/pic/crti.o
                0x000000000000b360                _GLOBAL_OFFSET_TABLE_
 *(.igot)

.got.plt        0x000000000000b4c0       0x18
 *(.got.plt)
 .got.plt       0x000000000000b4c0       0x18 /opt/devkitpro/devkitA64/bin/../lib/gcc/aarch64-none-elf/15.1.0/pic/crti.o
 *(.igot.plt)
                0x000000000000b360                PROVIDE (__got_start__ = ADDR (.got))
                0x000000000000b4d8                PROVIDE (__got_end__ = (ADDR (.got.plt) + SIZEOF (.got.plt)))
                0x000000000000c000                . = ALIGN (0x1000)
                0x000000000000c000                PROVIDE (__data_start = .)

.data           0x000000000000c000      0xae0
 *(.data .data.* .gnu.linkonce.d.*)
 .data          0x000000000000c000        0x8 main.o
                0x000000000000c000                __nx_fs_num_sessions
                0x000000000000c004                __nx_applet_type
 .data.__nx_fsdev_support_cwd
                0x000000000000c008        0x1 /opt/devkitpro/libnx/lib/libnx.a(fs_dev.o)
                0x000000000000c008                __nx_fsdev_support_cwd
 *fill*         0x000000000000c009        0x3 
 .data.__nx_fsdev_direntry_cache_size
                0x000000000000c00c        0x4 /opt/devkitpro/libnx/lib/libnx.a(fs_dev.o)
                0x000000000000c00c                __nx_fsdev_direntry_cache_size
 .data.__nx_exception_stack_size
                0x000000000000c010        0x8 /opt/devkitpro/libnx/lib/libnx.a(init.o)
                0x000000000000c010                __nx_exception_stack_size
 .data.__malloc_sbrk_base
                0x000000000000c018        0x8 /opt/devkitpro/devkitA64/bin/../lib/gcc/aarch64-none-elf/15.1.0/../../../../aarch64-none-elf/lib/pic/libg.a(libc_a-mallocr.o)
                0x000000000000c018                __malloc_sbrk_base
 .data.__malloc_trim_threshold
                0x000000000000c020        0x8 /opt/devkitpro/devkitA64/bin/../lib/gcc/aarch64-none-elf/15.1.0/../../../../aarch64-none-elf/lib/pic/libg.a(libc_a-mallocr.o)
                0x000000000000c020                __malloc_trim_threshold
 .data.rel.__malloc_av_
                0x000000000000c028      0x810 /opt/devkitpro/devkitA64/bin/../lib/gcc/aarch64-none-elf/15.1.0/../../../../aarch64-none-elf/lib/pic/libg.a(libc_a-mallocr.o)
                0x000000000000c028                __malloc_av_
 .data.rel._impure_ptr
                0x000000000000c838        0x8 /opt/devkitpro/devkitA64/bin/../lib/gcc/aarch64-none-elf/15.1.0/../../../../aarch64-none-elf/lib/pic/libg.a(libc_a-impure.o)
                0x000000000000c838                _impure_ptr
 .data.rel._impure_data
                0x000000000000c840      0x180 /opt/devkitpro/devkitA64/bin/../lib/gcc/aarch64-none-elf/15.1.0/../../../../aarch64-none-elf/lib/pic/libg.a(libc_a-impure.o)
                0x000000000000c840                _impure_data
 .data.rel.devoptab_list
                0x000000000000c9c0      0x118 /opt/devkitpro/devkitA64/bin/../lib/gcc/aarch64-none-elf/15.1.0/../../../../aarch64-none-elf/lib/pic/libsysbase.a(libsysbase_libsysbase_a-iosupport.o)
                0x000000000000c9c0                devoptab_list
 .data.defaultDevice
                0x000000000000cad8        0x4 /opt/devkitpro/devkitA64/bin/../lib/gcc/aarch64-none-elf/15.1.0/../../../../aarch64-none-elf/lib/pic/libsysbase.a(libsysbase_libsysbase_a-iosupport.o)
                0x000000000000cae0                . = ALIGN (0x8)
 *fill*         0x000000000000cadc        0x4 

.tdata          0x000000000000cae0        0x0
 *(.tdata .tdata.* .gnu.linkonce.td.*)
                0x000000000000cae0                . = ALIGN (0x8)
                0x000000000000cae0                PROVIDE (__tdata_lma = ADDR (.tdata))
                0x000000000000cae0                PROVIDE (__tdata_lma_end = (ADDR (.tdata) + SIZEOF (.tdata)))

.tbss           0x000000000000cae0      0x410
 *(.tbss .tbss.* .gnu.linkonce.tb.*)
 .tbss.g_fsPriority
                0x000000000000cae0        0x4 /opt/devkitpro/libnx/lib/libnx.a(fs.o)
 .tbss.fsdev_last_result
                0x000000000000cae4        0x4 /opt/devkitpro/libnx/lib/libnx.a(fs_dev.o)
 .tbss.__nx_dev_path_buf
                0x000000000000cae8      0x401 /opt/devkitpro/libnx/lib/libnx.a(path_buf.o)
                0x000000000000cae8                __nx_dev_path_buf
 *(.tcommon)
                0x000000000000cef0                . = ALIGN (0x8)
 *fill*         0x000000000000cee9        0x7 

.bss            0x000000000000cae0    0x83600
 *(.dynbss)
 .dynbss        0x000000000000cae0        0x0 /opt/devkitpro/devkitA64/bin/../lib/gcc/aarch64-none-elf/15.1.0/pic/crti.o
 *(.bss .bss.* .gnu.linkonce.b.*)
 .bss.completed.1
                0x000000000000cae0        0x1 /opt/devkitpro/devkitA64/bin/../lib/gcc/aarch64-none-elf/15.1.0/pic/crtbegin.o
 *fill*         0x000000000000cae1        0x7 
 .bss.object.0  0x000000000000cae8       0x30 /opt/devkitpro/devkitA64/bin/../lib/gcc/aarch64-none-elf/15.1.0/pic/crtbegin.o
 *fill*         0x000000000000cb18        0x8 
 .bss           0x000000000000cb20    0x80000 main.o
 .bss.g_fsGuard
                0x000000000008cb20        0x8 /opt/devkitpro/libnx/lib/libnx.a(fs.o)
 *fill*         0x000000000008cb28        0x8 
 .bss.g_fsSessionMgr
                0x000000000008cb30       0x54 /opt/devkitpro/libnx/lib/libnx.a(fs.o)
 *fill*         0x000000000008cb84        0x4 
 .bss.g_fsSrv   0x000000000008cb88       0x10 /opt/devkitpro/libnx/lib/libnx.a(fs.o)
 .bss.g_setsysGuard
                0x000000000008cb98        0x8 /opt/devkitpro/libnx/lib/libnx.a(set.o)
 .bss.g_setsysSrv
                0x000000000008cba0       0x10 /opt/devkitpro/libnx/lib/libnx.a(set.o)
 .bss.g_smGuard
                0x000000000008cbb0        0x8 /opt/devkitpro/libnx/lib/libnx.a(sm.o)
 .bss.g_smOverridesNum
                0x000000000008cbb8        0x8 /opt/devkitpro/libnx/lib/libnx.a(sm.o)
 .bss.g_smOverrides
                0x000000000008cbc0      0x180 /opt/devkitpro/libnx/lib/libnx.a(sm.o)
 .bss.g_smSrv   0x000000000008cd40       0x10 /opt/devkitpro/libnx/lib/libnx.a(sm.o)
 .bss.g_hosVersion
                0x000000000008cd50        0x4 /opt/devkitpro/libnx/lib/libnx.a(hosversion.o)
 *fill*         0x000000000008cd54        0xc 
 .bss.fsdev_fsdevices
                0x000000000008cd60     0x2800 /opt/devkitpro/libnx/lib/libnx.a(fs_dev.o)
 .bss.fsdev_fsdevice_cwd
                0x000000000008f560        0x4 /opt/devkitpro/libnx/lib/libnx.a(fs_dev.o)
 .bss.fsdev_initialised
                0x000000000008f564        0x1 /opt/devkitpro/libnx/lib/libnx.a(fs_dev.o)
 *fill*         0x000000000008f565        0x3 
 .bss.__stack_top
                0x000000000008f568        0x8 /opt/devkitpro/libnx/lib/libnx.a(switch_crt0.o)
                0x000000000008f568                __stack_top
 .bss.g_timeTimeZoneService
                0x000000000008f570       0x10 /opt/devkitpro/libnx/lib/libnx.a(time.o)
 .bss.g_argv_empty
                0x000000000008f580        0x8 /opt/devkitpro/libnx/lib/libnx.a(argv.o)
 .bss.__system_argv
                0x000000000008f588        0x8 /opt/devkitpro/libnx/lib/libnx.a(argv.o)
                0x000000000008f588                __system_argv
 .bss.__system_argc
                0x000000000008f590        0x4 /opt/devkitpro/libnx/lib/libnx.a(argv.o)
                0x000000000008f590                __system_argc
 *fill*         0x000000000008f594        0x4 
 .bss.g_userIdStorage
                0x000000000008f598        0x8 /opt/devkitpro/libnx/lib/libnx.a(env.o)
 .bss.g_randomSeed
                0x000000000008f5a0       0x10 /opt/devkitpro/libnx/lib/libnx.a(env.o)
 .bss.g_hasRandomSeed
                0x000000000008f5b0        0x1 /opt/devkitpro/libnx/lib/libnx.a(env.o)
 *fill*         0x000000000008f5b1        0x3 
 .bss.g_lastLoadResult
                0x000000000008f5b4        0x4 /opt/devkitpro/libnx/lib/libnx.a(env.o)
 .bss.g_nextLoadArgv
                0x000000000008f5b8        0x8 /opt/devkitpro/libnx/lib/libnx.a(env.o)
 .bss.g_nextLoadPath
                0x000000000008f5c0        0x8 /opt/devkitpro/libnx/lib/libnx.a(env.o)
 .bss.g_processHandle
                0x000000000008f5c8        0x4 /opt/devkitpro/libnx/lib/libnx.a(env.o)
 *fill*         0x000000000008f5cc        0x4 
 .bss.g_syscallHints
                0x000000000008f5d0       0x18 /opt/devkitpro/libnx/lib/libnx.a(env.o)
 .bss.g_overrideArgv
                0x000000000008f5e8        0x8 /opt/devkitpro/libnx/lib/libnx.a(env.o)
 .bss.g_overrideHeapSize
                0x000000000008f5f0        0x8 /opt/devkitpro/libnx/lib/libnx.a(env.o)
 .bss.g_overrideHeapAddr
                0x000000000008f5f8        0x8 /opt/devkitpro/libnx/lib/libnx.a(env.o)
 .bss.g_loaderRetAddr
                0x000000000008f600        0x8 /opt/devkitpro/libnx/lib/libnx.a(env.o)
 .bss.g_mainThreadHandle
                0x000000000008f608        0x4 /opt/devkitpro/libnx/lib/libnx.a(env.o)
 *fill*         0x000000000008f60c        0x4 
 .bss.g_loaderInfoSize
                0x000000000008f610        0x8 /opt/devkitpro/libnx/lib/libnx.a(env.o)
 .bss.g_loaderInfo
                0x000000000008f618        0x8 /opt/devkitpro/libnx/lib/libnx.a(env.o)
 .bss.g_isNso   0x000000000008f620        0x1 /opt/devkitpro/libnx/lib/libnx.a(env.o)
 *fill*         0x000000000008f621        0xf 
 .bss.__nx_exceptiondump
                0x000000000008f630      0x340 /opt/devkitpro/libnx/lib/libnx.a(init.o)
                0x000000000008f630                __nx_exceptiondump
 .bss.__nx_exception_ignoredebug
                0x000000000008f970        0x4 /opt/devkitpro/libnx/lib/libnx.a(init.o)
                0x000000000008f970                __nx_exception_ignoredebug
 *fill*         0x000000000008f974        0xc 
 .bss.__nx_exception_stack
                0x000000000008f980      0x400 /opt/devkitpro/libnx/lib/libnx.a(init.o)
                0x000000000008f980                __nx_exception_stack
 .bss.__nxlink_host
                0x000000000008fd80        0x4 /opt/devkitpro/libnx/lib/libnx.a(nxlink.o)
                0x000000000008fd80                __nxlink_host
 *fill*         0x000000000008fd84        0xc 
 .bss.g_mainThread
                0x000000000008fd90       0x38 /opt/devkitpro/libnx/lib/libnx.a(thread.o)
 .bss.g_threadList
                0x000000000008fdc8        0x8 /opt/devkitpro/libnx/lib/libnx.a(thread.o)
 .bss.g_threadMutex
                0x000000000008fdd0        0x4 /opt/devkitpro/libnx/lib/libnx.a(thread.o)
 .bss.g_IsLegacyKernel
                0x000000000008fdd4        0x1 /opt/devkitpro/libnx/lib/libnx.a(virtmem.o)
 *fill*         0x000000000008fdd5        0xb 
 .bss.g_StackRegion
                0x000000000008fde0       0x10 /opt/devkitpro/libnx/lib/libnx.a(virtmem.o)
 .bss.g_AslrRegion
                0x000000000008fdf0       0x10 /opt/devkitpro/libnx/lib/libnx.a(virtmem.o)
 .bss.g_HeapRegion
                0x000000000008fe00       0x10 /opt/devkitpro/libnx/lib/libnx.a(virtmem.o)
 .bss.g_AliasRegion
                0x000000000008fe10       0x10 /opt/devkitpro/libnx/lib/libnx.a(virtmem.o)
 .bss.__sf      0x000000000008fe20      0x228 /opt/devkitpro/devkitA64/bin/../lib/gcc/aarch64-none-elf/15.1.0/../../../../aarch64-none-elf/lib/pic/libg.a(libc_a-findfp.o)
                0x000000000008fe20                __sf
 .bss.__stdio_exit_handler
                0x0000000000090048        0x8 /opt/devkitpro/devkitA64/bin/../lib/gcc/aarch64-none-elf/15.1.0/../../../../aarch64-none-elf/lib/pic/libg.a(libc_a-findfp.o)
                0x0000000000090048                __stdio_exit_handler
 .bss.__malloc_current_mallinfo
                0x0000000000090050       0x50 /opt/devkitpro/devkitA64/bin/../lib/gcc/aarch64-none-elf/15.1.0/../../../../aarch64-none-elf/lib/pic/libg.a(libc_a-mallocr.o)
                0x0000000000090050                __malloc_current_mallinfo
 .bss.__malloc_max_total_mem
                0x00000000000900a0        0x8 /opt/devkitpro/devkitA64/bin/../lib/gcc/aarch64-none-elf/15.1.0/../../../../aarch64-none-elf/lib/pic/libg.a(libc_a-mallocr.o)
                0x00000000000900a0                __malloc_max_total_mem
 .bss.__malloc_max_sbrked_mem
                0x00000000000900a8        0x8 /opt/devkitpro/devkitA64/bin/../lib/gcc/aarch64-none-elf/15.1.0/../../../../aarch64-none-elf/lib/pic/libg.a(libc_a-mallocr.o)
                0x00000000000900a8                __malloc_max_sbrked_mem
 .bss.__malloc_top_pad
                0x00000000000900b0        0x8 /opt/devkitpro/devkitA64/bin/../lib/gcc/aarch64-none-elf/15.1.0/../../../../aarch64-none-elf/lib/pic/libg.a(libc_a-mallocr.o)
                0x00000000000900b0                __malloc_top_pad
 .bss.__malloc_recursive_mutex
                0x00000000000900b8        0xc /opt/devkitpro/devkitA64/bin/../lib/gcc/aarch64-none-elf/15.1.0/../../../../aarch64-none-elf/lib/pic/libg.a(libc_a-mlock.o)
 *fill*         0x00000000000900c4        0x4 
 .bss.fake_heap_start
                0x00000000000900c8        0x8 /opt/devkitpro/devkitA64/bin/../lib/gcc/aarch64-none-elf/15.1.0/../../../../aarch64-none-elf/lib/pic/libsysbase.a(libsysbase_libsysbase_a-malloc_vars.o)
                0x00000000000900c8                fake_heap_start
 .bss.fake_heap_end
                0x00000000000900d0        0x8 /opt/devkitpro/devkitA64/bin/../lib/gcc/aarch64-none-elf/15.1.0/../../../../aarch64-none-elf/lib/pic/libsysbase.a(libsysbase_libsysbase_a-malloc_vars.o)
                0x00000000000900d0                fake_heap_end
 .bss.heap_start.0
                0x00000000000900d8        0x8 /opt/devkitpro/devkitA64/bin/../lib/gcc/aarch64-none-elf/15.1.0/../../../../aarch64-none-elf/lib/pic/libsysbase.a(libsysbase_libsysbase_a-sbrk.o)
 *(COMMON)
                0x00000000000900e0                . = ALIGN (0x8)

.main.tls       0x00000000000900e0      0x410
                0x00000000000900e0                . = (. + SIZEOF (.tdata))
                0x00000000000900e0                . = ALIGN (ALIGNOF (.tbss))
                0x00000000000904f0                . = (. + SIZEOF (.tbss))
 *fill*         0x00000000000900e0      0x410 
                0x00000000000900e0                PROVIDE (__tls_start = ADDR (.main.tls))
                0x00000000000904f0                PROVIDE (__tls_end = (ADDR (.main.tls) + SIZEOF (.main.tls)))
                0x000000000000cae0                PROVIDE (__bss_start__ = ADDR (.bss))
                0x00000000000904f0                PROVIDE (__bss_end__ = __tls_end)
                0x00000000000904f0                PROVIDE (__end__ = .)
                0x0000000000091000                . = ALIGN (0x1000)
                0x0000000000091000                PROVIDE (__argdata__ = .)

/DISCARD/
 *(.group .comment .note)

.stab
 *(.stab)

.stabstr
 *(.stabstr)

.stab.excl
 *(.stab.excl)

.stab.exclstr
 *(.stab.exclstr)

.stab.index
 *(.stab.index)

.stab.indexstr
 *(.stab.indexstr)

.debug
 *(.debug)

.line
 *(.line)

.debug_srcinfo
 *(.debug_srcinfo)

.debug_sfnames
 *(.debug_sfnames)

.debug_aranges  0x0000000000000000     0x55b0
 *(.debug_aranges)
 .debug_aranges
                0x0000000000000000       0x60 main.o
 .debug_aranges
                0x0000000000000060      0x8b0 /opt/devkitpro/libnx/lib/libnx.a(fs.o)
 .debug_aranges
                0x0000000000000910     0x1150 /opt/devkitpro/libnx/lib/libnx.a(set.o)
 .debug_aranges
                0x0000000000001a60      0x150 /opt/devkitpro/libnx/lib/libnx.a(sm.o)
 .debug_aranges
                0x0000000000001bb0       0x30 /opt/devkitpro/libnx/lib/libnx.a(diag.o)
 .debug_aranges
                0x0000000000001be0       0x50 /opt/devkitpro/libnx/lib/libnx.a(hosversion.o)
 .debug_aranges
                0x0000000000001c30      0x350 /opt/devkitpro/libnx/lib/libnx.a(fs_dev.o)
 .debug_aranges
                0x0000000000001f80       0x20 /opt/devkitpro/libnx/lib/libnx.a(path_buf.o)
 .debug_aranges
                0x0000000000001fa0       0x30 /opt/devkitpro/libnx/lib/libnx.a(decode_utf8.o)
 .debug_aranges
                0x0000000000001fd0      0x810 /opt/devkitpro/libnx/lib/libnx.a(svc.o)
 .debug_aranges
                0x00000000000027e0       0x30 /opt/devkitpro/libnx/lib/libnx.a(readtp.o)
 .debug_aranges
                0x0000000000002810       0x30 /opt/devkitpro/libnx/lib/libnx.a(switch_crt0.o)
 .debug_aranges
                0x0000000000002840       0x80 /opt/devkitpro/libnx/lib/libnx.a(event.o)
 .debug_aranges
                0x00000000000028c0       0x90 /opt/devkitpro/libnx/lib/libnx.a(mutex.o)
 .debug_aranges
                0x0000000000002950       0x40 /opt/devkitpro/libnx/lib/libnx.a(wait.o)
 .debug_aranges
                0x0000000000002990       0x60 /opt/devkitpro/libnx/lib/libnx.a(sessionmgr.o)
 .debug_aranges
                0x00000000000029f0      0x190 /opt/devkitpro/libnx/lib/libnx.a(time.o)
 .debug_aranges
                0x0000000000002b80       0x50 /opt/devkitpro/libnx/lib/libnx.a(alloc.o)
 .debug_aranges
                0x0000000000002bd0       0x30 /opt/devkitpro/libnx/lib/libnx.a(argv.o)
 .debug_aranges
                0x0000000000002c00       0x30 /opt/devkitpro/libnx/lib/libnx.a(dynamic.o)
 .debug_aranges
                0x0000000000002c30      0x160 /opt/devkitpro/libnx/lib/libnx.a(env.o)
 .debug_aranges
                0x0000000000002d90       0x70 /opt/devkitpro/libnx/lib/libnx.a(init.o)
 .debug_aranges
                0x0000000000002e00      0x1f0 /opt/devkitpro/libnx/lib/libnx.a(newlib.o)
 .debug_aranges
                0x0000000000002ff0       0x30 /opt/devkitpro/libnx/lib/libnx.a(nxlink.o)
 .debug_aranges
                0x0000000000003020       0x40 /opt/devkitpro/libnx/lib/libnx.a(exception.o)
 .debug_aranges
                0x0000000000003060       0x30 /opt/devkitpro/libnx/lib/libnx.a(condvar.o)
 .debug_aranges
                0x0000000000003090       0x70 /opt/devkitpro/libnx/lib/libnx.a(shmem.o)
 .debug_aranges
                0x0000000000003100      0x120 /opt/devkitpro/libnx/lib/libnx.a(thread.o)
 .debug_aranges
                0x0000000000003220       0xd0 /opt/devkitpro/libnx/lib/libnx.a(virtmem.o)
 .debug_aranges
                0x00000000000032f0     0x1750 /opt/devkitpro/libnx/lib/libnx.a(applet.o)
 .debug_aranges
                0x0000000000004a40      0x9f0 /opt/devkitpro/libnx/lib/libnx.a(hid.o)
 .debug_aranges
                0x0000000000005430       0x40 /opt/devkitpro/libnx/lib/libnx.a(random.o)
 .debug_aranges
                0x0000000000005470       0xa0 /opt/devkitpro/libnx/lib/libnx.a(tmem.o)
 .debug_aranges
                0x0000000000005510       0xa0 /opt/devkitpro/libnx/lib/libnx.a(apm.o)

.debug_pubnames
 *(.debug_pubnames)

.debug_info     0x0000000000000000    0xcd452
 *(.debug_info)
 .debug_info    0x0000000000000000      0x657 main.o
 .debug_info    0x0000000000000657    0x25435 /opt/devkitpro/libnx/lib/libnx.a(fs.o)
 .debug_info    0x0000000000025a8c    0x340e5 /opt/devkitpro/libnx/lib/libnx.a(set.o)
 .debug_info    0x0000000000059b71     0x485d /opt/devkitpro/libnx/lib/libnx.a(sm.o)
 .debug_info    0x000000000005e3ce      0x190 /opt/devkitpro/libnx/lib/libnx.a(diag.o)
 .debug_info    0x000000000005e55e      0x133 /opt/devkitpro/libnx/lib/libnx.a(hosversion.o)
 .debug_info    0x000000000005e691     0x5955 /opt/devkitpro/libnx/lib/libnx.a(fs_dev.o)
 .debug_info    0x0000000000063fe6       0x96 /opt/devkitpro/libnx/lib/libnx.a(path_buf.o)
 .debug_info    0x000000000006407c      0x177 /opt/devkitpro/libnx/lib/libnx.a(decode_utf8.o)
 .debug_info    0x00000000000641f3       0x23 /opt/devkitpro/libnx/lib/libnx.a(svc.o)
 .debug_info    0x0000000000064216       0x28 /opt/devkitpro/libnx/lib/libnx.a(readtp.o)
 .debug_info    0x000000000006423e       0x29 /opt/devkitpro/libnx/lib/libnx.a(switch_crt0.o)
 .debug_info    0x0000000000064267      0x72b /opt/devkitpro/libnx/lib/libnx.a(event.o)
 .debug_info    0x0000000000064992      0xc06 /opt/devkitpro/libnx/lib/libnx.a(mutex.o)
 .debug_info    0x0000000000065598     0x1003 /opt/devkitpro/libnx/lib/libnx.a(wait.o)
 .debug_info    0x000000000006659b     0x12aa /opt/devkitpro/libnx/lib/libnx.a(sessionmgr.o)
 .debug_info    0x0000000000067845     0x7a37 /opt/devkitpro/libnx/lib/libnx.a(time.o)
 .debug_info    0x000000000006f27c      0x1e8 /opt/devkitpro/libnx/lib/libnx.a(alloc.o)
 .debug_info    0x000000000006f464      0x4fa /opt/devkitpro/libnx/lib/libnx.a(argv.o)
 .debug_info    0x000000000006f95e      0x94b /opt/devkitpro/libnx/lib/libnx.a(dynamic.o)
 .debug_info    0x00000000000702a9      0x9b6 /opt/devkitpro/libnx/lib/libnx.a(env.o)
 .debug_info    0x0000000000070c5f      0xd1d /opt/devkitpro/libnx/lib/libnx.a(init.o)
 .debug_info    0x000000000007197c     0x2659 /opt/devkitpro/libnx/lib/libnx.a(newlib.o)
 .debug_info    0x0000000000073fd5      0x1e1 /opt/devkitpro/libnx/lib/libnx.a(nxlink.o)
 .debug_info    0x00000000000741b6       0x23 /opt/devkitpro/libnx/lib/libnx.a(exception.o)
 .debug_info    0x00000000000741d9      0x38e /opt/devkitpro/libnx/lib/libnx.a(condvar.o)
 .debug_info    0x0000000000074567      0x5c6 /opt/devkitpro/libnx/lib/libnx.a(shmem.o)
 .debug_info    0x0000000000074b2d     0x1caf /opt/devkitpro/libnx/lib/libnx.a(thread.o)
 .debug_info    0x00000000000767dc     0x11de /opt/devkitpro/libnx/lib/libnx.a(virtmem.o)
 .debug_info    0x00000000000779ba    0x349c6 /opt/devkitpro/libnx/lib/libnx.a(applet.o)
 .debug_info    0x00000000000ac380    0x1cfac /opt/devkitpro/libnx/lib/libnx.a(hid.o)
 .debug_info    0x00000000000c932c      0x9b3 /opt/devkitpro/libnx/lib/libnx.a(random.o)
 .debug_info    0x00000000000c9cdf      0x95c /opt/devkitpro/libnx/lib/libnx.a(tmem.o)
 .debug_info    0x00000000000ca63b     0x2e17 /opt/devkitpro/libnx/lib/libnx.a(apm.o)

.debug_abbrev   0x0000000000000000     0x69b7
 *(.debug_abbrev)
 .debug_abbrev  0x0000000000000000      0x27b main.o
 .debug_abbrev  0x000000000000027b      0x6b9 /opt/devkitpro/libnx/lib/libnx.a(fs.o)
 .debug_abbrev  0x0000000000000934      0x65b /opt/devkitpro/libnx/lib/libnx.a(set.o)
 .debug_abbrev  0x0000000000000f8f      0x572 /opt/devkitpro/libnx/lib/libnx.a(sm.o)
 .debug_abbrev  0x0000000000001501       0xd3 /opt/devkitpro/libnx/lib/libnx.a(diag.o)
 .debug_abbrev  0x00000000000015d4       0xa7 /opt/devkitpro/libnx/lib/libnx.a(hosversion.o)
 .debug_abbrev  0x000000000000167b      0x6b0 /opt/devkitpro/libnx/lib/libnx.a(fs_dev.o)
 .debug_abbrev  0x0000000000001d2b       0x5e /opt/devkitpro/libnx/lib/libnx.a(path_buf.o)
 .debug_abbrev  0x0000000000001d89       0x99 /opt/devkitpro/libnx/lib/libnx.a(decode_utf8.o)
 .debug_abbrev  0x0000000000001e22       0x12 /opt/devkitpro/libnx/lib/libnx.a(svc.o)
 .debug_abbrev  0x0000000000001e34       0x14 /opt/devkitpro/libnx/lib/libnx.a(readtp.o)
 .debug_abbrev  0x0000000000001e48       0x14 /opt/devkitpro/libnx/lib/libnx.a(switch_crt0.o)
 .debug_abbrev  0x0000000000001e5c      0x2b6 /opt/devkitpro/libnx/lib/libnx.a(event.o)
 .debug_abbrev  0x0000000000002112      0x2b8 /opt/devkitpro/libnx/lib/libnx.a(mutex.o)
 .debug_abbrev  0x00000000000023ca      0x34b /opt/devkitpro/libnx/lib/libnx.a(wait.o)
 .debug_abbrev  0x0000000000002715      0x3dd /opt/devkitpro/libnx/lib/libnx.a(sessionmgr.o)
 .debug_abbrev  0x0000000000002af2      0x5ca /opt/devkitpro/libnx/lib/libnx.a(time.o)
 .debug_abbrev  0x00000000000030bc      0x121 /opt/devkitpro/libnx/lib/libnx.a(alloc.o)
 .debug_abbrev  0x00000000000031dd      0x1b9 /opt/devkitpro/libnx/lib/libnx.a(argv.o)
 .debug_abbrev  0x0000000000003396      0x2e5 /opt/devkitpro/libnx/lib/libnx.a(dynamic.o)
 .debug_abbrev  0x000000000000367b      0x2b1 /opt/devkitpro/libnx/lib/libnx.a(env.o)
 .debug_abbrev  0x000000000000392c      0x359 /opt/devkitpro/libnx/lib/libnx.a(init.o)
 .debug_abbrev  0x0000000000003c85      0x61a /opt/devkitpro/libnx/lib/libnx.a(newlib.o)
 .debug_abbrev  0x000000000000429f       0xf4 /opt/devkitpro/libnx/lib/libnx.a(nxlink.o)
 .debug_abbrev  0x0000000000004393       0x12 /opt/devkitpro/libnx/lib/libnx.a(exception.o)
 .debug_abbrev  0x00000000000043a5      0x1ab /opt/devkitpro/libnx/lib/libnx.a(condvar.o)
 .debug_abbrev  0x0000000000004550      0x20c /opt/devkitpro/libnx/lib/libnx.a(shmem.o)
 .debug_abbrev  0x000000000000475c      0x5bd /opt/devkitpro/libnx/lib/libnx.a(thread.o)
 .debug_abbrev  0x0000000000004d19      0x35f /opt/devkitpro/libnx/lib/libnx.a(virtmem.o)
 .debug_abbrev  0x0000000000005078      0x7f5 /opt/devkitpro/libnx/lib/libnx.a(applet.o)
 .debug_abbrev  0x000000000000586d      0x7d9 /opt/devkitpro/libnx/lib/libnx.a(hid.o)
 .debug_abbrev  0x0000000000006046      0x2ee /opt/devkitpro/libnx/lib/libnx.a(random.o)
 .debug_abbrev  0x0000000000006334      0x249 /opt/devkitpro/libnx/lib/libnx.a(tmem.o)
 .debug_abbrev  0x000000000000657d      0x43a /opt/devkitpro/libnx/lib/libnx.a(apm.o)

.debug_line     0x0000000000000000    0x5a85d
 *(.debug_line)
 .debug_line    0x0000000000000000      0x195 main.o
 .debug_line    0x0000000000000195    0x11eac /opt/devkitpro/libnx/lib/libnx.a(fs.o)
 .debug_line    0x0000000000012041    0x16afd /opt/devkitpro/libnx/lib/libnx.a(set.o)
 .debug_line    0x0000000000028b3e     0x1630 /opt/devkitpro/libnx/lib/libnx.a(sm.o)
 .debug_line    0x000000000002a16e       0x82 /opt/devkitpro/libnx/lib/libnx.a(diag.o)
 .debug_line    0x000000000002a1f0       0xad /opt/devkitpro/libnx/lib/libnx.a(hosversion.o)
 .debug_line    0x000000000002a29d     0x234b /opt/devkitpro/libnx/lib/libnx.a(fs_dev.o)
 .debug_line    0x000000000002c5e8       0x3f /opt/devkitpro/libnx/lib/libnx.a(path_buf.o)
 .debug_line    0x000000000002c627      0x1a8 /opt/devkitpro/libnx/lib/libnx.a(decode_utf8.o)
 .debug_line    0x000000000002c7cf      0xb3f /opt/devkitpro/libnx/lib/libnx.a(svc.o)
 .debug_line    0x000000000002d30e       0x4d /opt/devkitpro/libnx/lib/libnx.a(readtp.o)
 .debug_line    0x000000000002d35b       0x6a /opt/devkitpro/libnx/lib/libnx.a(switch_crt0.o)
 .debug_line    0x000000000002d3c5      0x217 /opt/devkitpro/libnx/lib/libnx.a(event.o)
 .debug_line    0x000000000002d5dc      0x5a3 /opt/devkitpro/libnx/lib/libnx.a(mutex.o)
 .debug_line    0x000000000002db7f      0x8a4 /opt/devkitpro/libnx/lib/libnx.a(wait.o)
 .debug_line    0x000000000002e423      0x4a9 /opt/devkitpro/libnx/lib/libnx.a(sessionmgr.o)
 .debug_line    0x000000000002e8cc     0x2f63 /opt/devkitpro/libnx/lib/libnx.a(time.o)
 .debug_line    0x000000000003182f       0xa2 /opt/devkitpro/libnx/lib/libnx.a(alloc.o)
 .debug_line    0x00000000000318d1      0x3fb /opt/devkitpro/libnx/lib/libnx.a(argv.o)
 .debug_line    0x0000000000031ccc      0x2e6 /opt/devkitpro/libnx/lib/libnx.a(dynamic.o)
 .debug_line    0x0000000000031fb2      0x50a /opt/devkitpro/libnx/lib/libnx.a(env.o)
 .debug_line    0x00000000000324bc      0x31b /opt/devkitpro/libnx/lib/libnx.a(init.o)
 .debug_line    0x00000000000327d7      0xc89 /opt/devkitpro/libnx/lib/libnx.a(newlib.o)
 .debug_line    0x0000000000033460       0xfb /opt/devkitpro/libnx/lib/libnx.a(nxlink.o)
 .debug_line    0x000000000003355b       0xd5 /opt/devkitpro/libnx/lib/libnx.a(exception.o)
 .debug_line    0x0000000000033630      0x113 /opt/devkitpro/libnx/lib/libnx.a(condvar.o)
 .debug_line    0x0000000000033743      0x1e7 /opt/devkitpro/libnx/lib/libnx.a(shmem.o)
 .debug_line    0x000000000003392a      0x932 /opt/devkitpro/libnx/lib/libnx.a(thread.o)
 .debug_line    0x000000000003425c      0x5f7 /opt/devkitpro/libnx/lib/libnx.a(virtmem.o)
 .debug_line    0x0000000000034853    0x18e0f /opt/devkitpro/libnx/lib/libnx.a(applet.o)
 .debug_line    0x000000000004d662     0xbec3 /opt/devkitpro/libnx/lib/libnx.a(hid.o)
 .debug_line    0x0000000000059525      0x3bd /opt/devkitpro/libnx/lib/libnx.a(random.o)
 .debug_line    0x00000000000598e2      0x357 /opt/devkitpro/libnx/lib/libnx.a(tmem.o)
 .debug_line    0x0000000000059c39      0xc24 /opt/devkitpro/libnx/lib/libnx.a(apm.o)

.debug_frame
 *(.debug_frame)

.debug_str      0x0000000000000000    0x14497
 *(.debug_str)
 .debug_str     0x0000000000000000    0x14497 main.o
                                        0x9f7 (size before relaxing)
 .debug_str     0x0000000000014497     0x3e46 /opt/devkitpro/libnx/lib/libnx.a(fs.o)
 .debug_str     0x0000000000014497     0x56e6 /opt/devkitpro/libnx/lib/libnx.a(set.o)
 .debug_str     0x0000000000014497     0x1cd3 /opt/devkitpro/libnx/lib/libnx.a(sm.o)
 .debug_str     0x0000000000014497      0x269 /opt/devkitpro/libnx/lib/libnx.a(diag.o)
 .debug_str     0x0000000000014497      0x1a4 /opt/devkitpro/libnx/lib/libnx.a(hosversion.o)
 .debug_str     0x0000000000014497     0x1c04 /opt/devkitpro/libnx/lib/libnx.a(fs_dev.o)
 .debug_str     0x0000000000014497      0x138 /opt/devkitpro/libnx/lib/libnx.a(path_buf.o)
 .debug_str     0x0000000000014497      0x1a2 /opt/devkitpro/libnx/lib/libnx.a(decode_utf8.o)
 .debug_str     0x0000000000014497       0xb8 /opt/devkitpro/libnx/lib/libnx.a(svc.o)
 .debug_str     0x0000000000014497       0xbc /opt/devkitpro/libnx/lib/libnx.a(readtp.o)
 .debug_str     0x0000000000014497       0xc1 /opt/devkitpro/libnx/lib/libnx.a(switch_crt0.o)
 .debug_str     0x0000000000014497      0x8f1 /opt/devkitpro/libnx/lib/libnx.a(event.o)
 .debug_str     0x0000000000014497      0x43a /opt/devkitpro/libnx/lib/libnx.a(mutex.o)
 .debug_str     0x0000000000014497      0x959 /opt/devkitpro/libnx/lib/libnx.a(wait.o)
 .debug_str     0x0000000000014497      0xe16 /opt/devkitpro/libnx/lib/libnx.a(sessionmgr.o)
 .debug_str     0x0000000000014497     0x1cac /opt/devkitpro/libnx/lib/libnx.a(time.o)
 .debug_str     0x0000000000014497      0x1bf /opt/devkitpro/libnx/lib/libnx.a(alloc.o)
 .debug_str     0x0000000000014497      0x351 /opt/devkitpro/libnx/lib/libnx.a(argv.o)
 .debug_str     0x0000000000014497      0xa8b /opt/devkitpro/libnx/lib/libnx.a(dynamic.o)
 .debug_str     0x0000000000014497      0xd14 /opt/devkitpro/libnx/lib/libnx.a(env.o)
 .debug_str     0x0000000000014497      0xf72 /opt/devkitpro/libnx/lib/libnx.a(init.o)
 .debug_str     0x0000000000014497     0x1ade /opt/devkitpro/libnx/lib/libnx.a(newlib.o)
 .debug_str     0x0000000000014497      0x1b5 /opt/devkitpro/libnx/lib/libnx.a(nxlink.o)
 .debug_str     0x0000000000014497       0xbf /opt/devkitpro/libnx/lib/libnx.a(exception.o)
 .debug_str     0x0000000000014497      0x293 /opt/devkitpro/libnx/lib/libnx.a(condvar.o)